******************************************************************************
                  TI ARM Linker PC v15.12.3                    
******************************************************************************
>> Linked Sun Feb 26 14:15:44 2017

OUTPUT FILE NAME:   <LEDDAR-RTOS.out>
ENTRY POINT SYMBOL: "_c_int00"  address: 00004fed


MEMORY CONFIGURATION

         name            origin    length      used     unused   attr    fill
----------------------  --------  ---------  --------  --------  ----  --------
  MAIN                  00000000   00040000  000098a0  00036760  R  X
  INFO                  00200000   00004000  00000000  00004000  R  X
  SRAM_CODE             01000000   00010000  00000000  00010000  RW X
  SRAM_DATA             20000000   00010000  00001a3a  0000e5c6  RW  


SEGMENT ALLOCATION MAP

run origin  load origin   length   init length attrs members
----------  ----------- ---------- ----------- ----- -------
00000000    00000000    000098ac   000098ac    r-x
  00000000    00000000    0000003c   0000003c    r-- .resetVecs
  00000040    00000040    0000733a   0000733a    r-x .text
  0000737c    0000737c    00001f46   00001f46    r-- .const
  000092c8    000092c8    000005e4   000005e4    r-- .cinit
20000000    20000000    0000173d   00000000    rw-
  20000000    20000000    00000140   00000000    rw- .vecs
  20000140    20000140    00000ef1   00000000    rw- .bss
  20001034    20001034    00000709   00000000    rw- .data
2000fd00    2000fd00    00000300   00000000    rw-
  2000fd00    2000fd00    00000300   00000000    rw- .stack


SECTION ALLOCATION MAP

 output                                  attributes/
section   page    origin      length       input sections
--------  ----  ----------  ----------   ----------------
.text      0    00000040    0000733a     
                  00000040    00000430     sysbios.aem4f : BIOS.obj (.text:ti_sysbios_family_arm_m3_Hwi_excDumpRegs__I)
                  00000470    0000034c     ti.targets.arm.rtsarm.aem4f : System.oem4f (.text:xdc_runtime_System_doPrint__I)
                  000007bc    00000324     rtsv7M4_T_le_v4SPD16_eabi.lib : trgdrv.obj (.text)
                  00000ae0    000002ac     sysbios.aem4f : BIOS.obj (.text:ti_sysbios_knl_Semaphore_pend__E)
                  00000d8c    00000264     drivers_MSP432P401R.aem4f : PowerMSP432.oem4f (.text:Power_sleep)
                  00000ff0    00000260                               : UARTMSP432.oem4f (.text:UARTMSP432_open)
                  00001250    00000254     sysbios.aem4f : BIOS.obj (.text:ti_sysbios_heaps_HeapMem_free__E)
                  000014a4    00000004     msp432p4xx_driverlib.lib : cpu.o (.text:CPU_wfi)
                  000014a8    00000248     sysbios.aem4f : BIOS.obj (.text:ti_sysbios_heaps_HeapMem_alloc__E)
                  000016f0    0000022c                   : BIOS.obj (.text:ti_sysbios_knl_Task_Instance_finalize__E)
                  0000191c    00000004     tirtosport.aem4f : HwiP_tirtos.oem4f (.text:HwiP_disable)
                  00001920    000001fc     sysbios.aem4f : BIOS.obj (.text:ti_sysbios_family_arm_m3_Hwi_excHandlerMax__I)
                  00001b1c    000001e4     empty.obj (.text:sendRequest)
                  00001d00    000001c8     sysbios.aem4f : BIOS.obj (.text:ti_sysbios_knl_Task_Instance_init__E)
                  00001ec8    000001b8                   : BIOS.obj (.text:ti_sysbios_knl_Task_sleep__E)
                  00002080    000001a0     msp432p4xx_driverlib.lib : pcm.o (.text:__PCM_setPowerStateAdvanced)
                  00002220    00000174     sysbios.aem4f : BIOS.obj (.text:ti_sysbios_family_arm_m3_Hwi_excBusFault__I)
                  00002394    00000004     drivers_MSP432P401R.aem4f : List.oem4f (.text:List_head)
                  00002398    00000164     sysbios.aem4f : BIOS.obj (.text:ti_sysbios_family_arm_m3_Hwi_excUsageFault__I)
                  000024fc    00000004     drivers_MSP432P401R.aem4f : List.oem4f (.text:List_next)
                  00002500    00000148     sysbios.aem4f : BIOS.obj (.text:ti_sysbios_family_arm_m3_Hwi_excMemFault__I)
                  00002648    00000140     drivers_MSP432P401R.aem4f : GPIOMSP432.oem4f (.text:GPIO_setConfig)
                  00002788    0000013c     sysbios.aem4f : BIOS.obj (.text:ti_sysbios_heaps_HeapMem_Instance_init__E)
                  000028c4    00000118     ti.targets.arm.rtsarm.aem4f : Error.oem4f (.text:xdc_runtime_Error_policyDefault__E)
                  000029dc    00000004     drivers_MSP432P401R.aem4f : PowerMSP432.oem4f (.text:PowerMSP432_getNumPerfLevels)
                  000029e0    00000108     sysbios.aem4f : BIOS.obj (.text:ti_sysbios_knl_Clock_Instance_init__E)
                  00002ae8    00000100     ti.targets.arm.rtsarm.aem4f : Core-mem.oem4f (.text:xdc_runtime_Core_createObject__I)
                  00002be8    000000f8                                 : Startup.oem4f (.text:xdc_runtime_Startup_startMods__I)
                  00002ce0    000000f8     empty_pem4f.oem4f (.text:xdc_runtime_System_printfExtend__I)
                  00002dd8    000000f0     drivers_MSP432P401R.aem4f : PowerMSP432.oem4f (.text:initPerfControl)
                  00002ec8    000000ec     sysbios.aem4f : m3_Hwi_asm.obj (.text:ti_sysbios_family_arm_m3_Hwi_dispatch__I)
                  00002fb4    00000004     empty_pem4f.oem4f (.text:ti_sysbios_BIOS_RtsGateProxy_enter__E)
                  00002fb8    000000ec     sysbios.aem4f : BIOS.obj (.text:ti_sysbios_knl_Semaphore_post__E)
                  000030a4    000000e0     msp432p4xx_driverlib.lib : cs.o (.text:CS_initClockSignal)
                  00003184    000000dc                              : pcm.o (.text:__PCM_setPowerModeAdvanced)
                  00003260    000000cc     ti.targets.arm.rtsarm.aem4f : Core-smem.oem4f (.text:xdc_runtime_Core_constructObject__I)
                  0000332c    000000c8     empty.obj (.text:main)
                  000033f4    000000bc     empty.obj (.text:CRC16)
                  000034b0    000000bc     sysbios.aem4f : BIOS.obj (.text:ti_sysbios_family_arm_m3_Hwi_excDebugMon__I)
                  0000356c    00000004     empty_pem4f.oem4f (.text:ti_sysbios_BIOS_RtsGateProxy_leave__E)
                  00003570    000000bc     sysbios.aem4f : BIOS.obj (.text:ti_sysbios_family_arm_m3_Hwi_excHardFault__I)
                  0000362c    00000004     empty_pem4f.oem4f (.text:ti_sysbios_family_arm_m3_Hwi_destruct)
                  00003630    000000b4     sysbios.aem4f : BIOS.obj (.text:ti_sysbios_gates_GateMutex_enter__E)
                  000036e4    00000004     empty_pem4f.oem4f (.text:ti_sysbios_family_arm_m3_TaskSupport_Module__startupDone__S)
                  000036e8    000000b4     sysbios.aem4f : BIOS.obj (.text:ti_sysbios_knl_Task_checkStacks__E)
                  0000379c    000000b0     drivers_MSP432P401R.aem4f : UARTMSP432.oem4f (.text:UARTMSP432_readPolling)
                  0000384c    000000b0     msp432p4xx_driverlib.lib : pcm.o (.text:__PCM_setCoreVoltageLevelAdvanced)
                  000038fc    00000004     empty_pem4f.oem4f (.text:ti_sysbios_heaps_HeapMem_Module_GateProxy_enter__E)
                  00003900    000000a8     sysbios.aem4f : BIOS.obj (.text:ti_sysbios_family_arm_msp432_Timer_periodicStub__E)
                  000039a8    000000a4     drivers_MSP432P401R.aem4f : UARTMSP432.oem4f (.text:UARTMSP432_control)
                  00003a4c    00000004     empty_pem4f.oem4f (.text:ti_sysbios_heaps_HeapMem_Module_GateProxy_leave__E)
                  00003a50    000000a4     sysbios.aem4f : BIOS.obj (.text:ti_sysbios_knl_Clock_Instance_finalize__E)
                  00003af4    000000a0     auto_init.aem4f : auto_init.oem4f (.text)
                  00003b94    000000a0     ti.targets.arm.rtsarm.aem4f : Text.oem4f (.text:xdc_runtime_Text_putMod__E)
                  00003c34    0000009c     drivers_MSP432P401R.aem4f : UARTMSP432.oem4f (.text:readTaskBlocking)
                  00003cd0    0000009c     rtsv7M4_T_le_v4SPD16_eabi.lib : memcpy_t2.obj (.text)
                  00003d6c    00000004     empty_pem4f.oem4f (.text:ti_sysbios_knl_Clock_TimerProxy_getMaxTicks__E)
                  00003d70    0000009c     sysbios.aem4f : BIOS.obj (.text:ti_sysbios_knl_Semaphore_Instance_init__E)
                  00003e0c    00000004     empty_pem4f.oem4f (.text:ti_sysbios_knl_Clock_destruct)
                  00003e10    0000009c     sysbios.aem4f : BIOS.obj (.text:ti_sysbios_knl_Task_postInit__I)
                  00003eac    0000009a     ti.targets.arm.rtsarm.aem4f : Text.oem4f (.text:xdc_runtime_Text_putSite__E)
                  00003f46    00000002     power_tirtos_MSP432P401R.aem4f : PowerMSP432_tirtos.oem4f (.text:PowerMSP432_initPolicy)
                  00003f48    00000094     msp432p4xx_driverlib.lib : uart.o (.text:UART_initModule)
                  00003fdc    00000004     empty_pem4f.oem4f (.text:ti_sysbios_knl_Queue_destruct)
                  00003fe0    00000094     sysbios.aem4f : BIOS.obj (.text:ti_sysbios_family_arm_m3_Hwi_Instance_init__E)
                  00004074    00000004     empty_pem4f.oem4f (.text:ti_sysbios_knl_Semaphore_destruct)
                  00004078    00000094     sysbios.aem4f : BIOS.obj (.text:ti_sysbios_family_arm_m3_Hwi_initNVIC__E)
                  0000410c    0000008c                   : m3_TaskSupport_asm.obj (.text:ti_sysbios_family_arm_m3_TaskSupport_buildTaskStack)
                  00004198    0000008a     drivers_MSP432P401R.aem4f : UARTMSP432.oem4f (.text:UARTMSP432_close)
                  00004222    00000006     msp432p4xx_driverlib.lib : uart.o (.text:UART_getInterruptStatus)
                  00004228    00000088     sysbios.aem4f : BIOS.obj (.text:ti_sysbios_family_arm_msp432_Timer_Module_startup__E)
                  000042b0    00000084     drivers_MSP432P401R.aem4f : UARTMSP432.oem4f (.text:initHw)
                  00004334    00000004     ti.targets.arm.rtsarm.aem4f : Error.oem4f (.text:xdc_runtime_Error_getSite__E)
                  00004338    00000084     sysbios.aem4f : BIOS.obj (.text:ti_sysbios_family_arm_m3_Hwi_postInit__I)
                  000043bc    00000084     drivers_MSP432P401R.aem4f : UARTMSP432.oem4f (.text:writeData)
                  00004440    00000082                               : UARTMSP432.oem4f (.text:readIsrTextCallback)
                  000044c2    00000002     rtsv7M4_T_le_v4SPD16_eabi.lib : i_div0.obj (.text)
                  000044c4    0000007c     msp432p4xx_driverlib.lib : pcm.o (.text:PCM_gotoLPM3)
                  00004540    0000007a     drivers_MSP432P401R.aem4f : UARTMSP432.oem4f (.text:UARTMSP432_write)
                  000045ba    0000007a                               : UARTMSP432.oem4f (.text:readTaskCallback)
                  00004634    0000007a     rtsv7M4_T_le_v4SPD16_eabi.lib : memset_t2.obj (.text)
                  000046ae    00000074     drivers_MSP432P401R.aem4f : UARTMSP432.oem4f (.text:readIsrTextBlocking)
                  00004722    00000006     msp432p4xx_driverlib.lib : uart.o (.text:UART_queryStatusFlags)
                  00004728    00000074     sysbios.aem4f : BIOS.obj (.text:ti_sysbios_knl_Clock_start__E)
                  0000479c    0000006d     ti.targets.arm.rtsarm.aem4f : System.oem4f (.text:xdc_runtime_System_formatNum__I)
                  00004809    00000001     --HOLE-- [fill = 0]
                  0000480a    00000006     rtsv7M4_T_le_v4SPD16_eabi.lib : copy_decompress_rle.obj (.text:decompress:rle24)
                  00004810    0000006c     sysbios.aem4f : BIOS.obj (.text:ti_sysbios_knl_Clock_workFunc__E)
                  0000487c    00000004     empty_pem4f.oem4f (.text:xdc_runtime_System_Module_GateProxy_enter__E)
                  00004880    0000006c     sysbios.aem4f : BIOS.obj (.text:ti_sysbios_knl_Swi_restoreHwi__E)
                  000048ec    00000004     empty_pem4f.oem4f (.text:xdc_runtime_System_Module_GateProxy_leave__E)
                  000048f0    0000006c     sysbios.aem4f : BIOS.obj (.text:ti_sysbios_knl_Task_exit__E)
                  0000495c    0000006c     ti.targets.arm.rtsarm.aem4f : Error.oem4f (.text:xdc_runtime_Error_print__E)
                  000049c8    0000006c                                 : Memory.oem4f (.text:xdc_runtime_Memory_alloc__E)
                  00004a34    0000006a     rtsv7M4_T_le_v4SPD16_eabi.lib : copy_decompress_rle.obj (.text)
                  00004a9e    00000002     empty_pem4f.oem4f (.text:ti_sysbios_BIOS_nullFunc__I)
                  00004aa0    00000068     rtsv7M4_T_le_v4SPD16_eabi.lib : trgmsg.obj (.text)
                  00004b08    00000066     ti.targets.arm.rtsarm.aem4f : Core-mem.oem4f (.text:xdc_runtime_Core_deleteObject__I)
                  00004b6e    00000064     drivers_MSP432P401R.aem4f : UARTMSP432.oem4f (.text:UARTMSP432_writePolling)
                  00004bd2    00000006     ti.targets.arm.rtsarm.aem4f : System.oem4f (.text:xdc_runtime_System_Module_startup__E)
                  00004bd8    00000064     sysbios.aem4f : BIOS.obj (.text:ti_sysbios_family_arm_m3_Hwi_dispatchC__I)
                  00004c3c    00000062     tirtosport.aem4f : HwiP_tirtos.oem4f (.text:HwiP_create)
                  00004c9e    00000002     --HOLE-- [fill = 0]
                  00004ca0    00000060     sysbios.aem4f : BIOS.obj (.text:ti_sysbios_knl_Task_schedule__I)
                  00004d00    0000005c     drivers_MSP432P401R.aem4f : GPIOMSP432.oem4f (.text:GPIO_init)
                  00004d5c    00000004     ti.targets.arm.rtsarm.aem4f : System.oem4f (.text:xdc_runtime_System_aprintf_va__F)
                  00004d60    0000005c     sysbios.aem4f : BIOS.obj (.text:ti_sysbios_knl_Swi_run__I)
                  00004dbc    00000004     ti.targets.arm.rtsarm.aem4f : System.oem4f (.text:xdc_runtime_System_printf_va__F)
                  00004dc0    0000005c     sysbios.aem4f : BIOS.obj (.text:ti_sysbios_knl_Swi_schedule__I)
                  00004e1c    00000004     --HOLE-- [fill = 0]
                  00004e20    0000005c                   : BIOS.obj (.text:ti_sysbios_knl_Task_Module_startup__E)
                  00004e7c    00000004     --HOLE-- [fill = 0]
                  00004e80    0000005c                   : BIOS.obj (.text:ti_sysbios_knl_Task_startCore__E)
                  00004edc    0000005b     ti.targets.arm.rtsarm.aem4f : Text.oem4f (.text:xdc_runtime_Text_putLab__E)
                  00004f37    00000001     --HOLE-- [fill = 0]
                  00004f38    0000005a     tirtosport.aem4f : ClockP_tirtos.oem4f (.text:ClockP_create)
                  00004f92    00000058                      : SemaphoreP_tirtos.oem4f (.text:SemaphoreP_create)
                  00004fea    00000002     --HOLE-- [fill = 0]
                  00004fec    00000058     boot.aem4f : boot.oem4f (.text)
                  00005044    00000058     empty_pem4f.oem4f (.text:ti_sysbios_family_arm_m3_Hwi_construct)
                  0000509c    00000058     sysbios.aem4f : m3_Hwi_asm_switch.obj (.text:ti_sysbios_family_arm_m3_Hwi_initStacks__E)
                  000050f4    00000054     drivers_MSP432P401R.aem4f : GPIOMSP432.oem4f (.text:GPIO_hwiIntFxn)
                  00005148    00000054                               : GPIOMSP432.oem4f (.text:GPIO_setCallback)
                  0000519c    00000054     rtsv7M4_T_le_v4SPD16_eabi.lib : exit.obj (.text)
                  000051f0    00000054     sysbios.aem4f : BIOS.obj (.text:ti_sysbios_family_arm_msp432_Timer_initDevice__I)
                  00005244    00000004     --HOLE-- [fill = 0]
                  00005248    00000054                   : BIOS.obj (.text:ti_sysbios_family_arm_msp432_init_Boot_configureClocksHigh)
                  0000529c    00000054     empty_pem4f.oem4f (.text:ti_sysbios_knl_Task_construct)
                  000052f0    00000054     ti.targets.arm.rtsarm.aem4f : Assert.oem4f (.text:xdc_runtime_Assert_raise__I)
                  00005344    00000052     drivers_MSP432P401R.aem4f : UARTMSP432.oem4f (.text:UARTMSP432_writeCancel)
                  00005396    00000002     --HOLE-- [fill = 0]
                  00005398    00000050                               : GPIOMSP432.oem4f (.text:GPIO_write)
                  000053e8    00000050     msp432p4xx_driverlib.lib : pcm.o (.text:PCM_shutdownDevice)
                  00005438    00000050     sysbios.aem4f : BIOS.obj (.text:ti_sysbios_family_arm_m3_Hwi_Module_startup__E)
                  00005488    00000050     ti.targets.arm.rtsarm.aem4f : Startup.oem4f (.text:xdc_runtime_Startup_exec__E)
                  000054d8    00000050                                 : Text.oem4f (.text:xdc_runtime_Text_visitRope2__I)
                  00005528    0000004c     rtsv7M4_T_le_v4SPD16_eabi.lib : cpy_tbl.obj (.text)
                  00005574    00000004     --HOLE-- [fill = 0]
                  00005578    0000004c     sysbios.aem4f : BIOS.obj (.text:ti_sysbios_family_arm_msp432_Timer_start__E)
                  000055c4    00000004     --HOLE-- [fill = 0]
                  000055c8    0000004c                   : BIOS.obj (.text:ti_sysbios_heaps_HeapMem_getStats__E)
                  00005614    00000004     --HOLE-- [fill = 0]
                  00005618    0000004c                   : BIOS.obj (.text:ti_sysbios_knl_Swi_runLoop__I)
                  00005664    00000004     --HOLE-- [fill = 0]
                  00005668    0000004c                   : BIOS.obj (.text:ti_sysbios_knl_Task_allBlockedFunction__I)
                  000056b4    00000004     --HOLE-- [fill = 0]
                  000056b8    00000048                   : BIOS.obj (.text:ti_sysbios_family_arm_m3_Hwi_disableInterrupt__E)
                  00005700    00000048                   : BIOS.obj (.text:ti_sysbios_family_arm_m3_Hwi_enableInterrupt__E)
                  00005748    00000048                   : BIOS.obj (.text:ti_sysbios_family_arm_m3_Hwi_excReserved__I)
                  00005790    00000046     drivers_MSP432P401R.aem4f : RingBuf.oem4f (.text:RingBuf_put)
                  000057d6    00000046                               : UARTMSP432.oem4f (.text:readIsrBinaryBlocking)
                  0000581c    00000046     ti.targets.arm.rtsarm.aem4f : Core-params.oem4f (.text:xdc_runtime_Core_assignParams__I)
                  00005862    00000002     --HOLE-- [fill = 0]
                  00005864    00000044     drivers_MSP432P401R.aem4f : PowerMSP432.oem4f (.text:Power_init)
                  000058a8    00000044     sysbios.aem4f : BIOS.obj (.text:ti_sysbios_family_arm_m3_Hwi_getStackInfo__E)
                  000058ec    00000004     --HOLE-- [fill = 0]
                  000058f0    00000044                   : BIOS.obj (.text:ti_sysbios_knl_Swi_post__E)
                  00005934    00000044     ti.targets.arm.rtsarm.aem4f : Error.oem4f (.text:xdc_runtime_Error_setX__E)
                  00005978    00000044                                 : SysMin.oem4f (.text:xdc_runtime_SysMin_flush__E)
                  000059bc    00000044                                 : Text.oem4f (.text:xdc_runtime_Text_xprintf__I)
                  00005a00    00000042     drivers_MSP432P401R.aem4f : UARTMSP432.oem4f (.text:UARTMSP432_hwiIntFxn)
                  00005a42    00000002     --HOLE-- [fill = 0]
                  00005a44    00000040     msp432p4xx_driverlib.lib : flash.o (.text:FlashCtl_disableReadBuffering)
                  00005a84    00000040     drivers_MSP432P401R.aem4f : RingBuf.oem4f (.text:RingBuf_get)
                  00005ac4    00000040                               : UARTMSP432.oem4f (.text:UARTMSP432_read)
                  00005b04    00000040                               : PowerMSP432.oem4f (.text:notify)
                  00005b44    00000040     rtsv7M4_T_le_v4SPD16_eabi.lib : u_divt2.obj (.text)
                  00005b84    00000004     --HOLE-- [fill = 0]
                  00005b88    00000040     sysbios.aem4f : BIOS.obj (.text:ti_sysbios_family_arm_msp432_Timer_startup__E)
                  00005bc8    0000003c     power_tirtos_MSP432P401R.aem4f : PowerMSP432_tirtos.oem4f (.text:PowerMSP432_sleepPolicy)
                  00005c04    00000004     --HOLE-- [fill = 0]
                  00005c08    0000003c     sysbios.aem4f : BIOS.obj (.text:ti_sysbios_family_arm_m3_Hwi_excSvCall__I)
                  00005c44    00000004     --HOLE-- [fill = 0]
                  00005c48    0000003c                   : BIOS.obj (.text:ti_sysbios_heaps_HeapMem_init__I)
                  00005c84    00000004     --HOLE-- [fill = 0]
                  00005c88    0000003c                   : BIOS.obj (.text:ti_sysbios_knl_Swi_restore__E)
                  00005cc4    0000003a     drivers_MSP432P401R.aem4f : UARTMSP432.oem4f (.text:readIsrBinaryCallback)
                  00005cfe    00000002     --HOLE-- [fill = 0]
                  00005d00    00000038                               : UART.oem4f (.text:UART_init)
                  00005d38    00000038     sysbios.aem4f : BIOS.obj (.text:ti_sysbios_family_arm_m3_Hwi_excNoIsr__I)
                  00005d70    00000038                   : BIOS.obj (.text:ti_sysbios_knl_Task_processVitalTaskFlag__I)
                  00005da8    00000038     ti.targets.arm.rtsarm.aem4f : SysMin.oem4f (.text:xdc_runtime_SysMin_putch__E)
                  00005de0    00000038                                 : System.oem4f (.text:xdc_runtime_System_atexit__E)
                  00005e18    00000036     drivers_MSP432P401R.aem4f : UARTMSP432.oem4f (.text:UARTMSP432_readCancel)
                  00005e4e    00000036                               : UARTMSP432.oem4f (.text:perfChangeNotifyFxn)
                  00005e84    00000034     msp432p4xx_driverlib.lib : flash.o (.text:FlashCtl_enableReadBuffering)
                  00005eb8    00000034     sysbios.aem4f : BIOS.obj (.text:ti_sysbios_family_arm_m3_Hwi_Instance_finalize__E)
                  00005eec    00000004     --HOLE-- [fill = 0]
                  00005ef0    00000034                   : BIOS.obj (.text:ti_sysbios_family_arm_m3_Hwi_excNmi__I)
                  00005f24    00000004     --HOLE-- [fill = 0]
                  00005f28    00000034                   : BIOS.obj (.text:ti_sysbios_hal_Hwi_checkStack)
                  00005f5c    00000034     empty_pem4f.oem4f (.text:ti_sysbios_knl_Clock_construct)
                  00005f90    00000034     ti.targets.arm.rtsarm.aem4f : Core-label.oem4f (.text:xdc_runtime_Core_assignLabel__I)
                  00005fc4    00000033                                 : Text.oem4f (.text:xdc_runtime_Text_printVisFxn__I)
                  00005ff7    00000001     --HOLE-- [fill = 0]
                  00005ff8    00000032     sysbios.aem4f : BIOS.obj (.text:ti_sysbios_hal_Hwi_initStack)
                  0000602a    00000002     --HOLE-- [fill = 0]
                  0000602c    00000030     msp432p4xx_driverlib.lib : gpio.o (.text:GPIO_getEnabledInterruptStatus)
                  0000605c    00000030                              : gpio.o (.text:GPIO_setAsInputPinWithPullDownResistor)
                  0000608c    00000030                              : gpio.o (.text:GPIO_setAsInputPinWithPullUpResistor)
                  000060bc    00000030     drivers_MSP432P401R.aem4f : UART.oem4f (.text:UART_open)
                  000060ec    00000030     empty_pem4f.oem4f (.text:ti_sysbios_BIOS_atExitFunc__I)
                  0000611c    00000030     empty_pem4f.oem4f (.text:ti_sysbios_BIOS_startFunc__I)
                  0000614c    00000004     --HOLE-- [fill = 0]
                  00006150    00000030     sysbios.aem4f : BIOS.obj (.text:ti_sysbios_family_arm_m3_TaskSupport_start__E)
                  00006180    00000030     empty_pem4f.oem4f (.text:ti_sysbios_gates_GateHwi_Object__create__S)
                  000061b0    00000030     empty_pem4f.oem4f (.text:ti_sysbios_gates_GateMutex_Object__create__S)
                  000061e0    00000030     empty_pem4f.oem4f (.text:ti_sysbios_heaps_HeapMem_Object__create__S)
                  00006210    00000030     empty_pem4f.oem4f (.text:ti_sysbios_knl_Semaphore_construct)
                  00006240    00000030     sysbios.aem4f : BIOS.obj (.text:ti_sysbios_knl_Semaphore_pendTimeout__I)
                  00006270    00000030                   : BIOS.obj (.text:ti_sysbios_knl_Task_unblockI__E)
                  000062a0    00000030     ti.targets.arm.rtsarm.aem4f : SysMin.oem4f (.text:xdc_runtime_SysMin_abort__E)
                  000062d0    00000030                                 : System.oem4f (.text:xdc_runtime_System_processAtExit__E)
                  00006300    0000002c     msp432p4xx_driverlib.lib : gpio.o (.text:GPIO_setAsInputPin)
                  0000632c    0000002c     MSP_EXP432P401R.obj (.text:MSP_EXP432P401R_initUART)
                  00006358    0000002c     msp432p4xx_driverlib.lib : pcm.o (.text:PCM_getCoreVoltageLevel)
                  00006384    0000002c     power_tirtos_MSP432P401R.aem4f : PowerMSP432_tirtos.oem4f (.text:PowerMSP432_updateFreqs)
                  000063b0    0000002c     drivers_MSP432P401R.aem4f : PowerMSP432.oem4f (.text:Power_releaseConstraint)
                  000063dc    0000002c                               : PowerMSP432.oem4f (.text:Power_setConstraint)
                  00006408    0000002c     empty_pem4f.oem4f (.text:ti_sysbios_knl_Clock_doTick__I)
                  00006434    0000002c     empty_pem4f.oem4f (.text:ti_sysbios_knl_Queue_construct)
                  00006460    0000002c     sysbios.aem4f : BIOS.obj (.text:ti_sysbios_knl_Task_restore__E)
                  0000648c    0000002c     ti.targets.arm.rtsarm.aem4f : Text.oem4f (.text:xdc_runtime_Text_cordText__E)
                  000064b8    0000002a     msp432p4xx_driverlib.lib : pcm.o (.text:PCM_getPowerMode)
                  000064e2    0000002a     drivers_MSP432P401R.aem4f : UARTMSP432.oem4f (.text:findBaudDividerIndex)
                  0000650c    0000002a     ti.targets.arm.rtsarm.aem4f : System.oem4f (.text:xdc_runtime_System_putchar__I)
                  00006536    00000002     --HOLE-- [fill = 0]
                  00006538    00000028     msp432p4xx_driverlib.lib : flash.o (.text:FlashCtl_setWaitState)
                  00006560    00000028                              : pcm.o (.text:PCM_gotoLPM0)
                  00006588    00000028     sysbios.aem4f : BIOS.obj (.text:ti_sysbios_knl_Clock_addI__E)
                  000065b0    00000028                   : BIOS.obj (.text:ti_sysbios_knl_Swi_Module_startup__E)
                  000065d8    00000026     drivers_MSP432P401R.aem4f : List.oem4f (.text:List_put)
                  000065fe    00000026     sysbios.aem4f : m3_Hwi_asm.obj (.text:ti_sysbios_family_arm_m3_Hwi_pendSV__I)
                  00006624    00000026     ti.targets.arm.rtsarm.aem4f : System.oem4f (.text:xdc_runtime_System_avprintf__E)
                  0000664a    00000002     --HOLE-- [fill = 0]
                  0000664c    00000024     msp432p4xx_driverlib.lib : cs.o (.text:CS_setDCOCenteredFrequency)
                  00006670    00000024                              : gpio.o (.text:GPIO_setAsOutputPin)
                  00006694    00000024                              : rtc_c.o (.text:RTC_C_holdClock)
                  000066b8    00000024                              : rtc_c.o (.text:RTC_C_startClock)
                  000066dc    00000024                              : uart.o (.text:UART_disableInterrupt)
                  00006700    00000024                              : uart.o (.text:UART_receiveData)
                  00006724    00000024                              : uart.o (.text:UART_transmitData)
                  00006748    00000024     empty_pem4f.oem4f (.text:ti_sysbios_BIOS_errorRaiseHook__I)
                  0000676c    00000024     empty_pem4f.oem4f (.text:ti_sysbios_BIOS_registerRTSLock__I)
                  00006790    00000024     empty_pem4f.oem4f (.text:ti_sysbios_BIOS_removeRTSLock__I)
                  000067b4    00000004     --HOLE-- [fill = 0]
                  000067b8    00000024     sysbios.aem4f : BIOS.obj (.text:ti_sysbios_family_arm_msp432_ClockFreqs_setFrequency__E)
                  000067dc    00000024     empty_pem4f.oem4f (.text:ti_sysbios_gates_GateMutex_Object__delete__S)
                  00006800    00000024     sysbios.aem4f : BIOS.obj (.text:ti_sysbios_knl_Clock_Module_startup__E)
                  00006824    00000004     --HOLE-- [fill = 0]
                  00006828    00000024                   : BIOS.obj (.text:ti_sysbios_knl_Task_restoreHwi__E)
                  0000684c    00000024     ti.targets.arm.rtsarm.aem4f : System.oem4f (.text:xdc_runtime_System_vprintf__E)
                  00006870    00000022     empty_pem4f.oem4f (.text:xdc_runtime_SysMin_output__I)
                  00006892    00000002     --HOLE-- [fill = 0]
                  00006894    00000020     msp432p4xx_driverlib.lib : gpio.o (.text:GPIO_interruptEdgeSelect)
                  000068b4    00000020     drivers_MSP432P401R.aem4f : PowerMSP432.oem4f (.text:PowerMSP432_getFreqs)
                  000068d4    00000020                               : PowerMSP432.oem4f (.text:Power_unregisterNotify)
                  000068f4    00000020                               : RingBuf.oem4f (.text:RingBuf_peek)
                  00006914    00000020     empty_pem4f.oem4f (.text:ti_sysbios_BIOS_rtsLock__I)
                  00006934    00000020     sysbios.aem4f : m3_Hwi_asm.obj (.text:ti_sysbios_family_arm_m3_Hwi_excHandlerAsm__I)
                  00006954    00000004     --HOLE-- [fill = 0]
                  00006958    00000020                   : BIOS.obj (.text:ti_sysbios_family_arm_m3_Hwi_excHandler__I)
                  00006978    00000020     empty_pem4f.oem4f (.text:ti_sysbios_gates_GateHwi_Object__delete__S)
                  00006998    00000020     empty_pem4f.oem4f (.text:ti_sysbios_heaps_HeapMem_Object__delete__S)
                  000069b8    00000020     empty_pem4f.oem4f (.text:ti_sysbios_knl_Clock_Object__destruct__S)
                  000069d8    00000020     sysbios.aem4f : BIOS.obj (.text:ti_sysbios_knl_Idle_run__E)
                  000069f8    00000020     empty_pem4f.oem4f (.text:ti_sysbios_knl_Semaphore_Object__destruct__S)
                  00006a18    00000020     ti.targets.arm.rtsarm.aem4f : Registry.oem4f (.text:xdc_runtime_Registry_findById__E)
                  00006a38    00000020                                 : SysMin.oem4f (.text:xdc_runtime_SysMin_Module_startup__E)
                  00006a58    0000001e     sysbios.aem4f : m3_Hwi_asm_switch.obj (.text:ti_sysbios_family_xxx_Hwi_switchAndRunFunc)
                  00006a76    00000002     --HOLE-- [fill = 0]
                  00006a78    0000001c     msp432p4xx_driverlib.lib : pcm.o (.text:PCM_enableRudeMode)
                  00006a94    0000001c     drivers_MSP432P401R.aem4f : PowerMSP432.oem4f (.text:Power_registerNotify)
                  00006ab0    0000001c     empty_pem4f.oem4f (.text:ti_sysbios_family_arm_m3_Hwi_Object__destruct__S)
                  00006acc    00000004     --HOLE-- [fill = 0]
                  00006ad0    0000001c     sysbios.aem4f : BIOS.obj (.text:ti_sysbios_gates_GateMutex_Instance_init__E)
                  00006aec    0000001c     empty_pem4f.oem4f (.text:ti_sysbios_knl_Queue_Object__destruct__S)
                  00006b08    0000001c     sysbios.aem4f : BIOS.obj (.text:ti_sysbios_knl_Queue_put__E)
                  00006b24    00000004     --HOLE-- [fill = 0]
                  00006b28    0000001c                   : BIOS.obj (.text:ti_sysbios_knl_Task_enter__I)
                  00006b44    0000001c     ti.targets.arm.rtsarm.aem4f : Error.oem4f (.text:xdc_runtime_Error_raiseX__E)
                  00006b60    0000001c                                 : Memory.oem4f (.text:xdc_runtime_Memory_valloc__E)
                  00006b7c    0000001c                                 : SysMin.oem4f (.text:xdc_runtime_SysMin_exit__E)
                  00006b98    0000001c                                 : System.oem4f (.text:xdc_runtime_System_abort__E)
                  00006bb4    0000001a     drivers_MSP432P401R.aem4f : List.oem4f (.text:List_remove)
                  00006bce    0000001a     empty_pem4f.oem4f (.text:ti_sysbios_family_arm_m3_Hwi_Handle__label__S)
                  00006be8    0000001a     empty_pem4f.oem4f (.text:ti_sysbios_gates_GateHwi_Handle__label__S)
                  00006c02    0000001a     empty_pem4f.oem4f (.text:ti_sysbios_gates_GateMutex_Handle__label__S)
                  00006c1c    0000001a     empty_pem4f.oem4f (.text:ti_sysbios_heaps_HeapMem_Handle__label__S)
                  00006c36    0000001a     empty_pem4f.oem4f (.text:ti_sysbios_knl_Swi_Handle__label__S)
                  00006c50    0000001a     empty_pem4f.oem4f (.text:ti_sysbios_knl_Task_Handle__label__S)
                  00006c6a    0000001a     empty_pem4f.oem4f (.text:xdc_runtime_System_aprintf__E)
                  00006c84    0000001a     empty_pem4f.oem4f (.text:xdc_runtime_System_printf__E)
                  00006c9e    00000002     --HOLE-- [fill = 0]
                  00006ca0    00000018     msp432p4xx_driverlib.lib : gpio.o (.text:GPIO_clearInterruptFlag)
                  00006cb8    00000018                              : gpio.o (.text:GPIO_setDriveStrengthLow)
                  00006cd0    00000018                              : gpio.o (.text:GPIO_setOutputLowOnPin)
                  00006ce8    00000018     drivers_MSP432P401R.aem4f : UART.oem4f (.text:UART_Params_init)
                  00006d00    00000018     msp432p4xx_driverlib.lib : wdt_a.o (.text:WDT_A_holdTimer)
                  00006d18    00000018     rtsv7M4_T_le_v4SPD16_eabi.lib : args_main.obj (.text)
                  00006d30    00000018     empty_pem4f.oem4f (.text:ti_sysbios_BIOS_rtsUnlock__I)
                  00006d48    00000018     empty_pem4f.oem4f (.text:ti_sysbios_family_arm_m3_Hwi_Module__startupDone__F)
                  00006d60    00000018     sysbios.aem4f : m3_TaskSupport_asm.obj (.text:ti_sysbios_family_arm_m3_TaskSupport_swap__E)
                  00006d78    00000018     empty_pem4f.oem4f (.text:ti_sysbios_family_arm_msp432_Timer_Module__startupDone__F)
                  00006d90    00000018     sysbios.aem4f : BIOS.obj (.text:ti_sysbios_gates_GateMutex_leave__E)
                  00006da8    00000018                   : BIOS.obj (.text:ti_sysbios_knl_Task_sleepTimeout__I)
                  00006dc0    00000018     ti.targets.arm.rtsarm.aem4f : Error.oem4f (.text:xdc_runtime_Error_check__E)
                  00006dd8    00000018                                 : System.oem4f (.text:xdc_runtime_System_exit__E)
                  00006df0    00000018                                 : Text.oem4f (.text:xdc_runtime_Text_ropeText__E)
                  00006e08    00000016     tirtosport.aem4f : ClockP_tirtos.oem4f (.text:ClockP_delete)
                  00006e1e    00000016                      : HwiP_tirtos.oem4f (.text:HwiP_delete)
                  00006e34    00000016                      : SemaphoreP_tirtos.oem4f (.text:SemaphoreP_delete)
                  00006e4a    00000016     msp432p4xx_driverlib.lib : uart.o (.text:UART_enableInterrupt)
                  00006e60    00000016     empty_pem4f.oem4f (.text:ti_sysbios_BIOS_exitFunc__I)
                  00006e76    00000016     empty.obj (.text:ti_sysbios_knl_Task_Params_init)
                  00006e8c    00000014     msp432p4xx_driverlib.lib : gpio.o (.text:GPIO_setDriveStrengthHigh)
                  00006ea0    00000014                              : gpio.o (.text:GPIO_setOutputHighOnPin)
                  00006eb4    00000014     empty.obj (.text:LeddarFxn)
                  00006ec8    00000014     drivers_MSP432P401R.aem4f : PowerMSP432.oem4f (.text:Power_idleFunc)
                  00006edc    00000014     msp432p4xx_driverlib.lib : wdt_a.o (.text:WDT_A_startTimer)
                  00006ef0    00000014     rtsv7M4_T_le_v4SPD16_eabi.lib : _lock.obj (.text)
                  00006f04    00000014                                   : strcpy.obj (.text)
                  00006f18    00000014                                   : strlen.obj (.text)
                  00006f2c    00000014     empty_pem4f.oem4f (.text:ti_sysbios_family_arm_m3_Hwi_Object__get__S)
                  00006f40    00000014     sysbios.aem4f : BIOS.obj (.text:ti_sysbios_family_arm_m3_Hwi_switchFromBootStack__E)
                  00006f54    00000014     empty_pem4f.oem4f (.text:ti_sysbios_heaps_HeapMem_Object__get__S)
                  00006f68    00000014     empty_pem4f.oem4f (.text:ti_sysbios_knl_Swi_Object__get__S)
                  00006f7c    00000012     tirtosport.aem4f : ClockP_tirtos.oem4f (.text:ClockP_start)
                  00006f8e    00000012     drivers_MSP432P401R.aem4f : RingBuf.oem4f (.text:RingBuf_construct)
                  00006fa0    00000012     tirtosport.aem4f : SemaphoreP_tirtos.oem4f (.text:SemaphoreP_pend)
                  00006fb2    00000006     --HOLE-- [fill = 0]
                  00006fb8    00000012     sysbios.aem4f : BIOS.obj (.text:ti_sysbios_hal_Hwi_Module_startup__E)
                  00006fca    00000012     empty_pem4f.oem4f (.text:xdc_runtime_Startup_exec__I)
                  00006fdc    00000010     msp432p4xx_driverlib.lib : gpio.o (.text:GPIO_getInterruptStatus)
                  00006fec    00000010                              : pcm.o (.text:PCM_gotoLPM4)
                  00006ffc    00000010     drivers_MSP432P401R.aem4f : UARTMSP432.oem4f (.text:readBlockingTimeout)
                  0000700c    00000004     --HOLE-- [fill = 0]
                  00007010    00000010     sysbios.aem4f : BIOS.obj (.text:ti_sysbios_BIOS_setCpuFreq__E)
                  00007020    00000010                   : BIOS.obj (.text:ti_sysbios_BIOS_setThreadType__E)
                  00007030    00000010                   : BIOS.obj (.text:ti_sysbios_BIOS_start__E)
                  00007040    00000010                   : m3_TaskSupport_asm.obj (.text:ti_sysbios_family_arm_m3_TaskSupport_glue)
                  00007050    00000010                   : BIOS.obj (.text:ti_sysbios_family_arm_msp432_init_Boot_disableWatchdog)
                  00007060    00000010                   : BIOS.obj (.text:ti_sysbios_gates_GateMutex_Instance_finalize__E)
                  00007070    00000010                   : BIOS.obj (.text:ti_sysbios_knl_Semaphore_Instance_finalize__E)
                  00007080    00000010                   : BIOS.obj (.text:ti_sysbios_knl_Swi_disable__E)
                  00007090    00000010     empty_pem4f.oem4f (.text:ti_sysbios_knl_Task_Object__get__S)
                  000070a0    00000010     sysbios.aem4f : BIOS.obj (.text:ti_sysbios_knl_Task_disable__E)
                  000070b0    00000010     ti.targets.arm.rtsarm.aem4f : Gate.oem4f (.text:xdc_runtime_Gate_leaveSystem__E)
                  000070c0    00000010                                 : Memory.oem4f (.text:xdc_runtime_Memory_free__E)
                  000070d0    00000010                                 : SysMin.oem4f (.text:xdc_runtime_SysMin_ready__E)
                  000070e0    00000010                                 : System.oem4f (.text:xdc_runtime_System_vsnprintf__E)
                  000070f0    00000010     empty_pem4f.oem4f (.text:xdc_runtime_Text_visitRope__I)
                  00007100    0000000e     tirtosport.aem4f : HwiP_tirtos.oem4f (.text:HwiP_Params_init)
                  0000710e    0000000e     msp432p4xx_driverlib.lib : uart.o (.text:UART_clearInterruptFlag)
                  0000711c    0000000e     rtsv7M4_T_le_v4SPD16_eabi.lib : copy_decompress_none.obj (.text:decompress:none)
                  0000712a    00000006     --HOLE-- [fill = 0]
                  00007130    0000000e     sysbios.aem4f : BIOS.obj (.text:ti_sysbios_knl_Idle_loop__E)
                  0000713e    00000002     --HOLE-- [fill = 0]
                  00007140    0000000e                   : BIOS.obj (.text:ti_sysbios_knl_Queue_empty__E)
                  0000714e    0000000c     empty_pem4f.oem4f (.text:.bootCodeSection:ti_sysbios_family_arm_msp432_init_Boot_init__I)
                  0000715a    0000000c     msp432p4xx_driverlib.lib : cpu.o (.text:CPU_cpsid)
                  00007166    0000000c                              : cpu.o (.text:CPU_cpsie)
                  00007172    00000002     --HOLE-- [fill = 0]
                  00007174    0000000c                              : pcm.o (.text:PCM_getPowerState)
                  00007180    0000000c     drivers_MSP432P401R.aem4f : PowerMSP432.oem4f (.text:Power_getConstraintMask)
                  0000718c    0000000c                               : PowerMSP432.oem4f (.text:Power_getPerformanceLevel)
                  00007198    0000000c                               : UARTMSP432.oem4f (.text:UARTMSP432_init)
                  000071a4    0000000c     msp432p4xx_driverlib.lib : uart.o (.text:UART_disableModule)
                  000071b0    0000000c                              : uart.o (.text:UART_enableModule)
                  000071bc    0000000c     empty_pem4f.oem4f (.text:ti_sysbios_family_arm_m3_Hwi_Params__init__S)
                  000071c8    0000000c     sysbios.aem4f : BIOS.obj (.text:ti_sysbios_family_arm_m3_Hwi_disableFxn__E)
                  000071d4    00000004     --HOLE-- [fill = 0]
                  000071d8    0000000c                   : BIOS.obj (.text:ti_sysbios_family_arm_m3_TaskSupport_checkStack__E)
                  000071e4    00000004     --HOLE-- [fill = 0]
                  000071e8    0000000c                   : BIOS.obj (.text:ti_sysbios_family_arm_m3_TaskSupport_getStackAlignment__E)
                  000071f4    00000004     --HOLE-- [fill = 0]
                  000071f8    0000000c                   : BIOS.obj (.text:ti_sysbios_family_arm_msp432_Timer_getMaxTicks__E)
                  00007204    00000004     --HOLE-- [fill = 0]
                  00007208    0000000c                   : BIOS.obj (.text:ti_sysbios_gates_GateHwi_enter__E)
                  00007214    0000000c     empty_pem4f.oem4f (.text:ti_sysbios_knl_Clock_Params__init__S)
                  00007220    0000000c     empty_pem4f.oem4f (.text:ti_sysbios_knl_Queue_Object__get__S)
                  0000722c    0000000c     empty_pem4f.oem4f (.text:ti_sysbios_knl_Semaphore_Params__init__S)
                  00007238    0000000c     empty_pem4f.oem4f (.text:ti_sysbios_knl_Task_Params__init__S)
                  00007244    0000000c     ti.targets.arm.rtsarm.aem4f : Error.oem4f (.text:xdc_runtime_Error_init__E)
                  00007250    0000000c                                 : Gate.oem4f (.text:xdc_runtime_Gate_enterSystem__E)
                  0000725c    0000000c                                 : Memory.oem4f (.text:xdc_runtime_Memory_calloc__E)
                  00007268    0000000c                                 : Memory.oem4f (.text:xdc_runtime_Memory_getMaxDefaultTypeAlign__E)
                  00007274    0000000c                                 : Startup.oem4f (.text:xdc_runtime_Startup_rtsDone__E)
                  00007280    0000000a     tirtosport.aem4f : ClockP_tirtos.oem4f (.text:ClockP_stop)
                  0000728a    0000000a                      : SemaphoreP_tirtos.oem4f (.text:SemaphoreP_post)
                  00007294    0000000a     drivers_MSP432P401R.aem4f : UART.oem4f (.text:UART_read)
                  0000729e    0000000a                               : UART.oem4f (.text:UART_write)
                  000072a8    0000000a     empty_pem4f.oem4f (.text:xdc_runtime_IHeap_alloc)
                  000072b2    0000000a     empty_pem4f.oem4f (.text:xdc_runtime_IHeap_free)
                  000072bc    00000008     tirtosport.aem4f : ClockP_tirtos.oem4f (.text:ClockP_Params_init)
                  000072c4    00000008     MSP_EXP432P401R.obj (.text:MSP_EXP432P401R_initGPIO)
                  000072cc    00000008     MSP_EXP432P401R.obj (.text:MSP_EXP432P401R_initGeneral)
                  000072d4    00000008     msp432p4xx_driverlib.lib : pcm.o (.text:PCM_setPowerMode)
                  000072dc    00000008                              : pcm.o (.text:PCM_setPowerState)
                  000072e4    00000008     tirtosport.aem4f : SemaphoreP_tirtos.oem4f (.text:SemaphoreP_Params_init)
                  000072ec    00000008     drivers_MSP432P401R.aem4f : UARTMSP432.oem4f (.text:readSemCallback)
                  000072f4    00000004     --HOLE-- [fill = 0]
                  000072f8    00000008     sysbios.aem4f : BIOS.obj (.text:ti_sysbios_family_arm_m3_Hwi_doSwiRestore__I)
                  00007300    00000008                   : BIOS.obj (.text:ti_sysbios_family_arm_m3_Hwi_startup__E)
                  00007308    00000008     drivers_MSP432P401R.aem4f : UARTMSP432.oem4f (.text:writeSemCallback)
                  00007310    00000006     sysbios.aem4f : BIOS.obj (.text:ti_sysbios_family_arm_m3_Hwi_doTaskRestore__I)
                  00007316    00000002     --HOLE-- [fill = 0]
                  00007318    00000006                   : BIOS.obj (.text:ti_sysbios_family_arm_m3_Hwi_restoreFxn__E)
                  0000731e    00000002     --HOLE-- [fill = 0]
                  00007320    00000006                   : BIOS.obj (.text:ti_sysbios_gates_GateHwi_leave__E)
                  00007326    00000002     --HOLE-- [fill = 0]
                  00007328    00000006                   : BIOS.obj (.text:ti_sysbios_heaps_HeapMem_isBlocking__E)
                  0000732e    00000002     --HOLE-- [fill = 0]
                  00007330    00000006                   : BIOS.obj (.text:ti_sysbios_knl_Clock_stop__E)
                  00007336    00000002     --HOLE-- [fill = 0]
                  00007338    00000006                   : BIOS.obj (.text:ti_sysbios_knl_Queue_Instance_init__E)
                  0000733e    00000002     --HOLE-- [fill = 0]
                  00007340    00000006                   : BIOS.obj (.text:ti_sysbios_knl_Swi_startup__E)
                  00007346    00000002     --HOLE-- [fill = 0]
                  00007348    00000004                   : BIOS.obj (.text:ti_sysbios_gates_GateHwi_query__E)
                  0000734c    00000004     --HOLE-- [fill = 0]
                  00007350    00000004                   : BIOS.obj (.text:ti_sysbios_gates_GateMutex_query__E)
                  00007354    00000004     --HOLE-- [fill = 0]
                  00007358    00000004                   : BIOS.obj (.text:ti_sysbios_knl_Clock_setTimeout__E)
                  0000735c    00000004     --HOLE-- [fill = 0]
                  00007360    00000004                   : BIOS.obj (.text:ti_sysbios_knl_Task_startup__E)
                  00007364    00000004     --HOLE-- [fill = 0]
                  00007368    00000002                   : BIOS.obj (.text:ti_sysbios_BIOS_linkedWithIncorrectBootLibrary__E)
                  0000736a    00000006     --HOLE-- [fill = 0]
                  00007370    00000002                   : BIOS.obj (.text:ti_sysbios_gates_GateHwi_Instance_init__E)
                  00007372    00000006     --HOLE-- [fill = 0]
                  00007378    00000002                   : BIOS.obj (.text:ti_sysbios_knl_Clock_logTick__E)

.const     0    0000737c    00001f46     
                  0000737c    0000181b     empty_pem4f.oem4f (.const:xdc_runtime_Text_charTab__A)
                  00008b97    00000001     empty_pem4f.oem4f (.const:xdc_runtime_Error_policy__C)
                  00008b98    000000b0     empty_pem4f.oem4f (.const:xdc_runtime_Text_nodeTab__A)
                  00008c48    00000070     MSP_EXP432P401R.obj (.const:uartMSP432Baudrates)
                  00008cb8    00000048     empty_pem4f.oem4f (.const:.string)
                  00008d00    00000048     MSP_EXP432P401R.obj (.const:uartMSP432HWAttrs)
                  00008d48    0000003c     empty_pem4f.oem4f (.const:ti_sysbios_knl_Task_Object__PARAMS__C)
                  00008d84    00000030     empty_pem4f.oem4f (.const:ti_sysbios_family_arm_m3_Hwi_Object__PARAMS__C)
                  00008db4    00000028     drivers_MSP432P401R.aem4f : UARTMSP432.oem4f (.const:UARTMSP432_fxnTable)
                  00008ddc    00000028     empty_pem4f.oem4f (.const:ti_sysbios_heaps_HeapMem_Module__FXNS__C)
                  00008e04    00000024     MSP_EXP432P401R.obj (.const:UART_config)
                  00008e28    00000024     drivers_MSP432P401R.aem4f : UART.oem4f (.const:UART_defaultParams)
                  00008e4c    00000024                               : UARTMSP432.oem4f (.const)
                  00008e70    00000024     empty_pem4f.oem4f (.const:ti_sysbios_gates_GateHwi_Module__FXNS__C)
                  00008e94    00000024     empty_pem4f.oem4f (.const:ti_sysbios_gates_GateMutex_Module__FXNS__C)
                  00008eb8    00000024     empty_pem4f.oem4f (.const:ti_sysbios_heaps_HeapMem_Object__PARAMS__C)
                  00008edc    00000024     empty_pem4f.oem4f (.const:ti_sysbios_knl_Clock_Object__PARAMS__C)
                  00008f00    00000024     empty_pem4f.oem4f (.const:ti_sysbios_knl_Semaphore_Object__PARAMS__C)
                  00008f24    00000020     empty_pem4f.oem4f (.const:ti_sysbios_family_arm_m3_Hwi_Object__DESC__C)
                  00008f44    00000020     empty_pem4f.oem4f (.const:ti_sysbios_gates_GateHwi_Object__DESC__C)
                  00008f64    00000020     empty_pem4f.oem4f (.const:ti_sysbios_gates_GateMutex_Object__DESC__C)
                  00008f84    00000020     empty_pem4f.oem4f (.const:ti_sysbios_heaps_HeapMem_Object__DESC__C)
                  00008fa4    00000020     empty_pem4f.oem4f (.const:ti_sysbios_knl_Clock_Object__DESC__C)
                  00008fc4    00000020     empty_pem4f.oem4f (.const:ti_sysbios_knl_Queue_Object__DESC__C)
                  00008fe4    00000020     empty_pem4f.oem4f (.const:ti_sysbios_knl_Semaphore_Object__DESC__C)
                  00009004    00000020     empty_pem4f.oem4f (.const:ti_sysbios_knl_Task_Object__DESC__C)
                  00009024    00000020     empty_pem4f.oem4f (.const:xdc_runtime_Startup_sfxnTab__A)
                  00009044    00000018     empty_pem4f.oem4f (.const:ti_sysbios_gates_GateHwi_Object__PARAMS__C)
                  0000905c    00000018     empty_pem4f.oem4f (.const:ti_sysbios_gates_GateMutex_Object__PARAMS__C)
                  00009074    00000018     empty_pem4f.oem4f (.const:ti_sysbios_knl_Queue_Object__PARAMS__C)
                  0000908c    00000014     MSP_EXP432P401R.obj (.const:GPIOMSP432_config)
                  000090a0    00000010     MSP_EXP432P401R.obj (.const:PowerMSP432_config)
                  000090b0    00000010     empty_pem4f.oem4f (.const:xdc_runtime_Startup_sfxnRts__A)
                  000090c0    0000000c     drivers_MSP432P401R.aem4f : GPIOMSP432.oem4f (.const:.string)
                  000090cc    0000000c     empty_pem4f.oem4f (.const:xdc_runtime_Startup_firstFxns__A)
                  000090d8    00000008     empty_pem4f.oem4f (.const:ti_sysbios_family_arm_m3_Hwi_excHookFuncs__A)
                  000090e0    00000008     empty_pem4f.oem4f (.const:ti_sysbios_knl_Idle_funcList__A)
                  000090e8    00000008     empty_pem4f.oem4f (.const:ti_sysbios_knl_Idle_funcList__C)
                  000090f0    00000008     empty_pem4f.oem4f (.const:xdc_runtime_Startup_firstFxns__C)
                  000090f8    00000008     empty_pem4f.oem4f (.const:xdc_runtime_Startup_lastFxns__C)
                  00009100    00000005     drivers_MSP432P401R.aem4f : UARTMSP432.oem4f (.const:.string)
                  00009105    00000001     --HOLE-- [fill = 0]
                  00009106    00000002     empty_pem4f.oem4f (.const:ti_sysbios_family_arm_m3_Hwi_Module__id__C)
                  00009108    00000004     empty_pem4f.oem4f (.const:ti_sysbios_family_arm_m3_Hwi_E_NMI__C)
                  0000910c    00000004     empty_pem4f.oem4f (.const:ti_sysbios_family_arm_m3_Hwi_E_alreadyDefined__C)
                  00009110    00000004     empty_pem4f.oem4f (.const:ti_sysbios_family_arm_m3_Hwi_E_busFault__C)
                  00009114    00000004     empty_pem4f.oem4f (.const:ti_sysbios_family_arm_m3_Hwi_E_debugMon__C)
                  00009118    00000004     empty_pem4f.oem4f (.const:ti_sysbios_family_arm_m3_Hwi_E_hardFault__C)
                  0000911c    00000004     empty_pem4f.oem4f (.const:ti_sysbios_family_arm_m3_Hwi_E_memFault__C)
                  00009120    00000004     empty_pem4f.oem4f (.const:ti_sysbios_family_arm_m3_Hwi_E_noIsr__C)
                  00009124    00000004     empty_pem4f.oem4f (.const:ti_sysbios_family_arm_m3_Hwi_E_reserved__C)
                  00009128    00000004     empty_pem4f.oem4f (.const:ti_sysbios_family_arm_m3_Hwi_E_svCall__C)
                  0000912c    00000004     empty_pem4f.oem4f (.const:ti_sysbios_family_arm_m3_Hwi_E_usageFault__C)
                  00009130    00000004     empty_pem4f.oem4f (.const:ti_sysbios_family_arm_m3_Hwi_NUM_INTERRUPTS__C)
                  00009134    00000004     empty_pem4f.oem4f (.const:ti_sysbios_family_arm_m3_Hwi_Object__count__C)
                  00009138    00000004     empty_pem4f.oem4f (.const:ti_sysbios_family_arm_m3_Hwi_ccr__C)
                  0000913c    00000004     empty_pem4f.oem4f (.const:ti_sysbios_family_arm_m3_Hwi_excHandlerFunc__C)
                  00009140    00000004     empty_pem4f.oem4f (.const:ti_sysbios_family_arm_m3_Hwi_excHookFuncs__C)
                  00009144    00000004     empty_pem4f.oem4f (.const:ti_sysbios_family_arm_m3_Hwi_nullIsrFunc__C)
                  00009148    00000004     empty_pem4f.oem4f (.const:ti_sysbios_family_arm_m3_Hwi_priGroup__C)
                  0000914c    00000004     empty_pem4f.oem4f (.const:ti_sysbios_family_arm_m3_TaskSupport_stackAlignment__C)
                  00009150    00000004     empty_pem4f.oem4f (.const:ti_sysbios_family_arm_msp432_Timer_numTimerDevices__C)
                  00009154    00000004     empty_pem4f.oem4f (.const:ti_sysbios_family_arm_msp432_Timer_startupNeeded__C)
                  00009158    00000004     empty_pem4f.oem4f (.const:ti_sysbios_gates_GateMutex_A_badContext__C)
                  0000915c    00000004     empty_pem4f.oem4f (.const:ti_sysbios_gates_GateMutex_Instance_State_sem__O)
                  00009160    00000004     empty_pem4f.oem4f (.const:ti_sysbios_gates_GateMutex_Module__diagsEnabled__C)
                  00009164    00000004     empty_pem4f.oem4f (.const:ti_sysbios_gates_GateMutex_Module__diagsIncluded__C)
                  00009168    00000004     empty_pem4f.oem4f (.const:ti_sysbios_gates_GateMutex_Module__diagsMask__C)
                  0000916c    00000004     empty_pem4f.oem4f (.const:ti_sysbios_hal_Hwi_E_stackOverflow__C)
                  00009170    00000004     empty_pem4f.oem4f (.const:ti_sysbios_heaps_HeapMem_A_align__C)
                  00009174    00000004     empty_pem4f.oem4f (.const:ti_sysbios_heaps_HeapMem_A_heapSize__C)
                  00009178    00000004     empty_pem4f.oem4f (.const:ti_sysbios_heaps_HeapMem_A_invalidFree__C)
                  0000917c    00000004     empty_pem4f.oem4f (.const:ti_sysbios_heaps_HeapMem_A_zeroBlock__C)
                  00009180    00000004     empty_pem4f.oem4f (.const:ti_sysbios_heaps_HeapMem_E_memory__C)
                  00009184    00000004     empty_pem4f.oem4f (.const:ti_sysbios_heaps_HeapMem_Module__diagsEnabled__C)
                  00009188    00000004     empty_pem4f.oem4f (.const:ti_sysbios_heaps_HeapMem_Module__diagsIncluded__C)
                  0000918c    00000004     empty_pem4f.oem4f (.const:ti_sysbios_heaps_HeapMem_Module__diagsMask__C)
                  00009190    00000004     empty_pem4f.oem4f (.const:ti_sysbios_heaps_HeapMem_Module__gateObj__C)
                  00009194    00000004     empty_pem4f.oem4f (.const:ti_sysbios_heaps_HeapMem_Object__count__C)
                  00009198    00000004     empty_pem4f.oem4f (.const:ti_sysbios_heaps_HeapMem_reqAlign__C)
                  0000919c    00000004     empty_pem4f.oem4f (.const:ti_sysbios_knl_Clock_A_badThreadType__C)
                  000091a0    00000004     empty_pem4f.oem4f (.const:ti_sysbios_knl_Clock_Module_State_clockQ__O)
                  000091a4    00000004     empty_pem4f.oem4f (.const:ti_sysbios_knl_Clock_Module__diagsEnabled__C)
                  000091a8    00000004     empty_pem4f.oem4f (.const:ti_sysbios_knl_Clock_Module__diagsIncluded__C)
                  000091ac    00000004     empty_pem4f.oem4f (.const:ti_sysbios_knl_Clock_Module__diagsMask__C)
                  000091b0    00000004     empty_pem4f.oem4f (.const:ti_sysbios_knl_Semaphore_A_badContext__C)
                  000091b4    00000004     empty_pem4f.oem4f (.const:ti_sysbios_knl_Semaphore_A_noEvents__C)
                  000091b8    00000004     empty_pem4f.oem4f (.const:ti_sysbios_knl_Semaphore_A_overflow__C)
                  000091bc    00000004     empty_pem4f.oem4f (.const:ti_sysbios_knl_Semaphore_A_pendTaskDisabled__C)
                  000091c0    00000004     empty_pem4f.oem4f (.const:ti_sysbios_knl_Semaphore_Instance_State_pendQ__O)
                  000091c4    00000004     empty_pem4f.oem4f (.const:ti_sysbios_knl_Semaphore_Module__diagsEnabled__C)
                  000091c8    00000004     empty_pem4f.oem4f (.const:ti_sysbios_knl_Semaphore_Module__diagsIncluded__C)
                  000091cc    00000004     empty_pem4f.oem4f (.const:ti_sysbios_knl_Semaphore_Module__diagsMask__C)
                  000091d0    00000004     empty_pem4f.oem4f (.const:ti_sysbios_knl_Swi_Object__count__C)
                  000091d4    00000004     empty_pem4f.oem4f (.const:ti_sysbios_knl_Task_A_badPriority__C)
                  000091d8    00000004     empty_pem4f.oem4f (.const:ti_sysbios_knl_Task_A_badTaskState__C)
                  000091dc    00000004     empty_pem4f.oem4f (.const:ti_sysbios_knl_Task_A_badThreadType__C)
                  000091e0    00000004     empty_pem4f.oem4f (.const:ti_sysbios_knl_Task_A_badTimeout__C)
                  000091e4    00000004     empty_pem4f.oem4f (.const:ti_sysbios_knl_Task_A_noPendElem__C)
                  000091e8    00000004     empty_pem4f.oem4f (.const:ti_sysbios_knl_Task_A_sleepTaskDisabled__C)
                  000091ec    00000004     empty_pem4f.oem4f (.const:ti_sysbios_knl_Task_E_spOutOfBounds__C)
                  000091f0    00000004     empty_pem4f.oem4f (.const:ti_sysbios_knl_Task_E_stackOverflow__C)
                  000091f4    00000004     empty_pem4f.oem4f (.const:ti_sysbios_knl_Task_Module_State_inactiveQ__O)
                  000091f8    00000004     empty_pem4f.oem4f (.const:ti_sysbios_knl_Task_Module__diagsEnabled__C)
                  000091fc    00000004     empty_pem4f.oem4f (.const:ti_sysbios_knl_Task_Module__diagsIncluded__C)
                  00009200    00000004     empty_pem4f.oem4f (.const:ti_sysbios_knl_Task_Module__diagsMask__C)
                  00009204    00000004     empty_pem4f.oem4f (.const:ti_sysbios_knl_Task_Object__count__C)
                  00009208    00000004     empty_pem4f.oem4f (.const:ti_sysbios_knl_Task_allBlockedFunc__C)
                  0000920c    00000004     empty_pem4f.oem4f (.const:ti_sysbios_knl_Task_defaultStackHeap__C)
                  00009210    00000004     empty_pem4f.oem4f (.const:ti_sysbios_knl_Task_defaultStackSize__C)
                  00009214    00000004     empty_pem4f.oem4f (.const:ti_sysbios_knl_Task_numConstructedTasks__C)
                  00009218    00000004     empty_pem4f.oem4f (.const:xdc_runtime_Assert_E_assertFailed__C)
                  0000921c    00000004     empty_pem4f.oem4f (.const:xdc_runtime_Core_A_initializedParams__C)
                  00009220    00000004     empty_pem4f.oem4f (.const:xdc_runtime_Core_Module__diagsEnabled__C)
                  00009224    00000004     empty_pem4f.oem4f (.const:xdc_runtime_Core_Module__diagsIncluded__C)
                  00009228    00000004     empty_pem4f.oem4f (.const:xdc_runtime_Core_Module__diagsMask__C)
                  0000922c    00000004     empty_pem4f.oem4f (.const:xdc_runtime_Error_E_memory__C)
                  00009230    00000004     empty_pem4f.oem4f (.const:xdc_runtime_Error_Module__diagsEnabled__C)
                  00009234    00000004     empty_pem4f.oem4f (.const:xdc_runtime_Error_Module__diagsIncluded__C)
                  00009238    00000004     empty_pem4f.oem4f (.const:xdc_runtime_Error_Module__diagsMask__C)
                  0000923c    00000004     empty_pem4f.oem4f (.const:xdc_runtime_Error_Module__loggerFxn8__C)
                  00009240    00000004     empty_pem4f.oem4f (.const:xdc_runtime_Error_Module__loggerObj__C)
                  00009244    00000004     empty_pem4f.oem4f (.const:xdc_runtime_Error_policyFxn__C)
                  00009248    00000004     empty_pem4f.oem4f (.const:xdc_runtime_Error_raiseHook__C)
                  0000924c    00000004     empty_pem4f.oem4f (.const:xdc_runtime_IGateProvider_Interface__BASE__C)
                  00009250    00000004     empty_pem4f.oem4f (.const:xdc_runtime_IHeap_Interface__BASE__C)
                  00009254    00000004     empty_pem4f.oem4f (.const:xdc_runtime_IModule_Interface__BASE__C)
                  00009258    00000004     empty_pem4f.oem4f (.const:xdc_runtime_Log_L_error__C)
                  0000925c    00000004     empty_pem4f.oem4f (.const:xdc_runtime_Memory_defaultHeapInstance__C)
                  00009260    00000004     empty_pem4f.oem4f (.const:xdc_runtime_Startup_execImpl__C)
                  00009264    00000004     empty_pem4f.oem4f (.const:xdc_runtime_Startup_maxPasses__C)
                  00009268    00000004     empty_pem4f.oem4f (.const:xdc_runtime_Startup_sfxnRts__C)
                  0000926c    00000004     empty_pem4f.oem4f (.const:xdc_runtime_Startup_sfxnTab__C)
                  00009270    00000004     empty_pem4f.oem4f (.const:xdc_runtime_SysMin_bufSize__C)
                  00009274    00000004     empty_pem4f.oem4f (.const:xdc_runtime_SysMin_outputFunc__C)
                  00009278    00000004     empty_pem4f.oem4f (.const:xdc_runtime_System_Module__gateObj__C)
                  0000927c    00000004     empty_pem4f.oem4f (.const:xdc_runtime_System_abortFxn__C)
                  00009280    00000004     empty_pem4f.oem4f (.const:xdc_runtime_System_exitFxn__C)
                  00009284    00000004     empty_pem4f.oem4f (.const:xdc_runtime_System_extendFxn__C)
                  00009288    00000004     empty_pem4f.oem4f (.const:xdc_runtime_System_maxAtexitHandlers__C)
                  0000928c    00000004     empty_pem4f.oem4f (.const:xdc_runtime_Text_charTab__C)
                  00009290    00000004     empty_pem4f.oem4f (.const:xdc_runtime_Text_nameEmpty__C)
                  00009294    00000004     empty_pem4f.oem4f (.const:xdc_runtime_Text_nameStatic__C)
                  00009298    00000004     empty_pem4f.oem4f (.const:xdc_runtime_Text_nameUnknown__C)
                  0000929c    00000004     empty_pem4f.oem4f (.const:xdc_runtime_Text_nodeTab__C)
                  000092a0    00000004     empty_pem4f.oem4f (.const:xdc_runtime_Text_visitRopeFxn__C)
                  000092a4    00000002     empty_pem4f.oem4f (.const:ti_sysbios_gates_GateMutex_Module__id__C)
                  000092a6    00000002     empty_pem4f.oem4f (.const:ti_sysbios_hal_Hwi_Module__id__C)
                  000092a8    00000002     empty_pem4f.oem4f (.const:ti_sysbios_heaps_HeapMem_Module__id__C)
                  000092aa    00000002     empty_pem4f.oem4f (.const:ti_sysbios_knl_Clock_Module__id__C)
                  000092ac    00000002     empty_pem4f.oem4f (.const:ti_sysbios_knl_Semaphore_Module__id__C)
                  000092ae    00000002     empty_pem4f.oem4f (.const:ti_sysbios_knl_Task_Module__id__C)
                  000092b0    00000002     empty_pem4f.oem4f (.const:xdc_runtime_Core_Module__id__C)
                  000092b2    00000002     empty_pem4f.oem4f (.const:xdc_runtime_Error_Module__loggerDefined__C)
                  000092b4    00000002     empty_pem4f.oem4f (.const:xdc_runtime_Error_maxDepth__C)
                  000092b6    00000002     empty_pem4f.oem4f (.const:xdc_runtime_Memory_Module__id__C)
                  000092b8    00000002     empty_pem4f.oem4f (.const:xdc_runtime_SysMin_flushAtExit__C)
                  000092ba    00000002     empty_pem4f.oem4f (.const:xdc_runtime_Text_charCnt__C)
                  000092bc    00000002     empty_pem4f.oem4f (.const:xdc_runtime_Text_isLoaded__C)
                  000092be    00000002     empty_pem4f.oem4f (.const:xdc_runtime_Text_registryModsLastId__C)
                  000092c0    00000002     empty_pem4f.oem4f (.const:xdc_runtime_Text_unnamedModsLastId__C)

.cinit     0    000092c8    000005e4     
                  000092c8    000005a4     (.cinit..data.load) [load image, compression = rle]
                  0000986c    00000004     --HOLE-- [fill = 0]
                  00009870    0000000b     (.cinit..bss.load) [load image, compression = rle]
                  0000987b    00000005     --HOLE-- [fill = 0]
                  00009880    0000000b     (.cinit..vecs.load) [load image, compression = rle]
                  0000988b    00000001     --HOLE-- [fill = 0]
                  0000988c    00000008     (__TI_handler_table)
                  00009894    00000018     (__TI_cinit_table)

.resetVecs 
*          0    00000000    0000003c     
                  00000000    0000003c     empty_pem4f.oem4f (.resetVecs)

.vecs      0    20000000    00000140     UNINITIALIZED
                  20000000    00000140     empty_pem4f.oem4f (.vecs)

.bss       0    20000140    00000ef1     UNINITIALIZED
                  20000140    00000400     (.common:task0Stack)
                  20000540    00000400     (.common:ti_sysbios_heaps_HeapMem_Instance_State_0_buf__A)
                  20000940    00000200     empty_pem4f.oem4f (.bss:taskStackSection)
                  20000b40    00000140     (.common:ti_sysbios_family_arm_m3_Hwi_dispatchTable)
                  20000c80    00000120     rtsv7M4_T_le_v4SPD16_eabi.lib : trgmsg.obj (.bss:_CIOBUF_)
                  20000da0    00000100     (.common:uartMSP432Objects)
                  20000ea0    00000080     (.common:xdc_runtime_SysMin_Module_State_0_outbuf__A)
                  20000f20    00000050     (.common:task0Struct)
                  20000f70    00000040     (.common:uartMSP432RingBuffer)
                  20000fb0    00000030     drivers_MSP432P401R.aem4f : GPIOMSP432.oem4f (.bss:gpioCallbackInfo)
                  20000fe0    00000024     (.common:Detections)
                  20001004    0000001c     (.common:dataBuffer)
                  20001020    00000008     rtsv7M4_T_le_v4SPD16_eabi.lib : trgdrv.obj (.bss:parmbuf)
                  20001028    00000004     (.common:Temperature)
                  2000102c    00000004     (.common:TimeStamp)
                  20001030    00000001     (.common:NbDet)

.data      0    20001034    00000709     UNINITIALIZED
                  20001034    00000100     empty.obj (.data:CRC_HI)
                  20001134    00000100     empty.obj (.data:CRC_LO)
                  20001234    0000009c     drivers_MSP432P401R.aem4f : PowerMSP432.oem4f (.data:PowerMSP432_perfLevels)
                  200012d0    00000080     empty_pem4f.oem4f (.data:ti_sysbios_knl_Swi_Module_State_0_readyQ__A)
                  20001350    00000080     empty_pem4f.oem4f (.data:ti_sysbios_knl_Task_Module_State_0_readyQ__A)
                  200013d0    0000004c     empty_pem4f.oem4f (.data:ti_sysbios_family_arm_msp432_Timer_Object__table__V)
                  2000141c    0000004c     empty_pem4f.oem4f (.data:ti_sysbios_knl_Task_Object__table__V)
                  20001468    00000044     empty_pem4f.oem4f (.data:ti_sysbios_knl_Task_Module__state__V)
                  200014ac    00000038     empty_pem4f.oem4f (.data:ti_sysbios_gates_GateMutex_Object__table__V)
                  200014e4    00000034     empty_pem4f.oem4f (.data:ti_sysbios_family_arm_m3_Hwi_Module__state__V)
                  20001518    00000030     msp432p4xx_driverlib.lib : gpio.o (.data:GPIO_PORT_TO_BASE)
                  20001548    00000030     empty_pem4f.oem4f (.data:ti_sysbios_knl_Swi_Object__table__V)
                  20001578    0000002c     empty_pem4f.oem4f (.data:ti_sysbios_knl_Clock_Module__state__V)
                  200015a4    00000028     drivers_MSP432P401R.aem4f : PowerMSP432.oem4f (.data:PowerMSP432_module)
                  200015cc    00000024     empty_pem4f.oem4f (.data:ti_sysbios_BIOS_Module__state__V)
                  200015f0    00000020     empty_pem4f.oem4f (.data:ti_sysbios_family_arm_msp432_Timer_Module_State_0_device__A)
                  20001610    0000001c     empty_pem4f.oem4f (.data:ti_sysbios_knl_Swi_Module__state__V)
                  2000162c    00000018     empty_pem4f.oem4f (.data:ti_sysbios_family_arm_m3_Hwi_Object__table__V)
                  20001644    00000018     empty_pem4f.oem4f (.data:ti_sysbios_heaps_HeapMem_Object__table__V)
                  2000165c    00000010     MSP_EXP432P401R.obj (.data:gpioPinConfigs)
                  2000166c    00000010     empty_pem4f.oem4f (.data:ti_sysbios_family_arm_msp432_Timer_Module_State_0_handles__A)
                  2000167c    0000000c     rtsv7M4_T_le_v4SPD16_eabi.lib : exit.obj (.data:$O1$$)
                  20001688    0000000c     empty_pem4f.oem4f (.data:ti_sysbios_family_arm_msp432_ClockFreqs_Module__state__V)
                  20001694    0000000c     empty_pem4f.oem4f (.data:ti_sysbios_family_arm_msp432_Timer_Module__state__V)
                  200016a0    0000000c     empty_pem4f.oem4f (.data:xdc_runtime_SysMin_Module__state__V)
                  200016ac    00000008     rtsv7M4_T_le_v4SPD16_eabi.lib : _lock.obj (.data:$O1$$)
                  200016b4    00000008     MSP_EXP432P401R.obj (.data:gpioCallbackFunctions)
                  200016bc    00000008     empty_pem4f.oem4f (.data:ti_sysbios_family_arm_m3_Hwi_Module__root__V)
                  200016c4    00000008     empty_pem4f.oem4f (.data:ti_sysbios_gates_GateHwi_Module__root__V)
                  200016cc    00000008     empty_pem4f.oem4f (.data:ti_sysbios_gates_GateMutex_Module__root__V)
                  200016d4    00000008     empty_pem4f.oem4f (.data:ti_sysbios_heaps_HeapMem_Module__root__V)
                  200016dc    00000008     empty_pem4f.oem4f (.data:ti_sysbios_knl_Clock_Module__root__V)
                  200016e4    00000008     empty_pem4f.oem4f (.data:ti_sysbios_knl_Queue_Module__root__V)
                  200016ec    00000008     empty_pem4f.oem4f (.data:ti_sysbios_knl_Semaphore_Module__root__V)
                  200016f4    00000008     empty_pem4f.oem4f (.data:ti_sysbios_knl_Task_Module__root__V)
                  200016fc    00000008     empty_pem4f.oem4f (.data:xdc_runtime_Registry_Module__state__V)
                  20001704    00000008     empty_pem4f.oem4f (.data:xdc_runtime_Startup_Module__state__V)
                  2000170c    00000008     empty_pem4f.oem4f (.data:xdc_runtime_System_Module_State_0_atexitHandlers__A)
                  20001714    00000008     empty_pem4f.oem4f (.data:xdc_runtime_System_Module__state__V)
                  2000171c    00000004     drivers_MSP432P401R.aem4f : UART.oem4f (.data)
                  20001720    00000004     rtsv7M4_T_le_v4SPD16_eabi.lib : stkdepth_vars.obj (.data)
                  20001724    00000004     empty_pem4f.oem4f (.data:ti_sysbios_family_arm_m3_Hwi_Module_State_0_excContext__A)
                  20001728    00000004     empty_pem4f.oem4f (.data:ti_sysbios_family_arm_m3_Hwi_Module_State_0_excStack__A)
                  2000172c    00000004     empty_pem4f.oem4f (.data:ti_sysbios_gates_GateHwi_Object__table__V)
                  20001730    00000004     empty_pem4f.oem4f (.data:ti_sysbios_knl_Task_Module_State_0_idleTask__A)
                  20001734    00000004     empty_pem4f.oem4f (.data:xdc_runtime_Memory_Module__state__V)
                  20001738    00000002     empty_pem4f.oem4f (.data:ti_sysbios_family_arm_m3_Hwi_Module_State_0_excActive__A)
                  2000173a    00000002     empty_pem4f.oem4f (.data:xdc_runtime_Error_Module__state__V)
                  2000173c    00000001     drivers_MSP432P401R.aem4f : GPIOMSP432.oem4f (.data)

.stack     0    2000fd00    00000300     UNINITIALIZED
                  2000fd00    00000300     --HOLE--

.bootVecs 
*          0    00000000    00000008     DSECT
                  00000000    00000008     boot.aem4f : boot.oem4f (.bootVecs)

xdc.meta   0    00000000    000000e4     COPY SECTION
                  00000000    000000e4     empty_pem4f.oem4f (xdc.meta)

.binit     0    00000000    00000000     

MODULE SUMMARY

       Module                     code    ro data   rw data
       ------                     ----    -------   -------
    .\
       empty.obj                  914     0         1689   
       MSP_EXP432P401R.obj        60      256       344    
    +--+--------------------------+-------+---------+---------+
       Total:                     974     256       2033   
                                                           
    C:\Users\jalex\workspace_v6_2\LEDDAR-RTOS\Debug\configPkg\package\cfg\
       empty_pem4f.oem4f          1796    7680      3296   
    +--+--------------------------+-------+---------+---------+
       Total:                     1796    7680      3296   
                                                           
    C:/ti/tirex-content/tirtos_msp43x_2_20_00_06/products/msp432_driverlib_3_21_00_05/driverlib/MSP432P4xx/ccs/msp432p4xx_driverlib.lib
       pcm.o                      1214    0         0      
       gpio.o                     384     0         48     
       uart.o                     328     0         0      
       cs.o                       260     0         0      
       flash.o                    156     0         0      
       rtc_c.o                    72      0         0      
       wdt_a.o                    44      0         0      
       cpu.o                      28      0         0      
    +--+--------------------------+-------+---------+---------+
       Total:                     2486    0         48     
                                                           
    C:/ti/tirex-content/tirtos_msp43x_2_20_00_06/products/tidrivers_msp43x_2_20_00_08/packages/ti/drivers/lib/drivers_MSP432P401R.aem4f
       UARTMSP432.oem4f           2630    81        0      
       PowerMSP432.oem4f          1212    0         196    
       GPIOMSP432.oem4f           660     12        49     
       UART.oem4f                 148     36        4      
       RingBuf.oem4f              184     0         0      
       List.oem4f                 72      0         0      
    +--+--------------------------+-------+---------+---------+
       Total:                     4906    129       249    
                                                           
    C:/ti/tirex-content/tirtos_msp43x_2_20_00_06/products/tidrivers_msp43x_2_20_00_08/packages/ti/drivers/lib/power_tirtos_MSP432P401R.aem4f
       PowerMSP432_tirtos.oem4f   106     0         0      
    +--+--------------------------+-------+---------+---------+
       Total:                     106     0         0      
                                                           
    C:/ti/tirex-content/tirtos_msp43x_2_20_00_06/products/tidrivers_msp43x_2_20_00_08/packages/ti/drivers/ports/lib/tirtosport.aem4f
       ClockP_tirtos.oem4f        148     0         0      
       SemaphoreP_tirtos.oem4f    146     0         0      
       HwiP_tirtos.oem4f          138     0         0      
    +--+--------------------------+-------+---------+---------+
       Total:                     432     0         0      
                                                           
    C:\Users\jalex\workspace_v6_2\LEDDAR-RTOS\src\sysbios\sysbios.aem4f
       BIOS.obj                   12088   0         0      
       m3_Hwi_asm.obj             306     0         0      
       m3_TaskSupport_asm.obj     180     0         0      
       m3_Hwi_asm_switch.obj      118     0         0      
    +--+--------------------------+-------+---------+---------+
       Total:                     12692   0         0      
                                                           
    C:\ti\ccsv6\tools\compiler\arm_15.12.3.LTS\lib\rtsv7M4_T_le_v4SPD16_eabi.lib
       trgdrv.obj                 804     0         8      
       trgmsg.obj                 104     0         288    
       memcpy_t2.obj              156     0         0      
       memset_t2.obj              122     0         0      
       copy_decompress_rle.obj    112     0         0      
       exit.obj                   84      0         12     
       cpy_tbl.obj                76      0         0      
       u_divt2.obj                64      0         0      
       _lock.obj                  20      0         8      
       args_main.obj              24      0         0      
       strcpy.obj                 20      0         0      
       strlen.obj                 20      0         0      
       copy_decompress_none.obj   14      0         0      
       stkdepth_vars.obj          0       0         4      
       i_div0.obj                 2       0         0      
    +--+--------------------------+-------+---------+---------+
       Total:                     1622    0         320    
                                                           
    C:\ti\tirex-content\tirtos_msp43x_2_20_00_06\products\bios_6_46_00_23\packages\ti\targets\arm\rtsarm\lib\auto_init.aem4f
       auto_init.oem4f            160     0         0      
    +--+--------------------------+-------+---------+---------+
       Total:                     160     0         0      
                                                           
    C:\ti\tirex-content\tirtos_msp43x_2_20_00_06\products\bios_6_46_00_23\packages\ti\targets\arm\rtsarm\lib\boot.aem4f
       boot.oem4f                 88      0         0      
    +--+--------------------------+-------+---------+---------+
       Total:                     88      0         0      
                                                           
    C:\ti\tirex-content\tirtos_msp43x_2_20_00_06\products\bios_6_46_00_23\packages\ti\targets\arm\rtsarm\lib\ti.targets.arm.rtsarm.aem4f
       System.oem4f               1255    0         0      
       Text.oem4f                 672     0         0      
       Error.oem4f                524     0         0      
       Core-mem.oem4f             358     0         0      
       Startup.oem4f              340     0         0      
       SysMin.oem4f               248     0         0      
       Core-smem.oem4f            204     0         0      
       Memory.oem4f               176     0         0      
       Assert.oem4f               84      0         0      
       Core-params.oem4f          70      0         0      
       Core-label.oem4f           52      0         0      
       Registry.oem4f             32      0         0      
       Gate.oem4f                 28      0         0      
    +--+--------------------------+-------+---------+---------+
       Total:                     4043    0         0      
                                                           
       Stack:                     0       0         768    
       Linker Generated:          0       1498      0      
    +--+--------------------------+-------+---------+---------+
       Grand Total:               29305   9563      6714   


LINKER GENERATED COPY TABLES

__TI_cinit_table @ 00009894 records: 3, size/record: 8, table size: 24
	.data: load addr=000092c8, load size=000005a4 bytes, run addr=20001034, run size=00000709 bytes, compression=rle
	.bss: load addr=00009870, load size=0000000b bytes, run addr=20000140, run size=00000ef1 bytes, compression=rle
[...]
00007221  ti_sysbios_knl_Queue_Object__get__S                         
0000722d  ti_sysbios_knl_Semaphore_Params__init__S                    
00007239  ti_sysbios_knl_Task_Params__init__S                         
00007245  xdc_runtime_Error_init__E                                   
00007251  xdc_runtime_Gate_enterSystem__E                             
0000725d  xdc_runtime_Memory_calloc__E                                
00007269  xdc_runtime_Memory_getMaxDefaultTypeAlign__E                
00007275  xdc_runtime_Startup_rtsDone__E                              
00007281  ClockP_stop                                                 
00007281  ClockP_stopFromISR                                          
0000728b  SemaphoreP_post                                             
0000728b  SemaphoreP_postFromClock                                    
0000728b  SemaphoreP_postFromISR                                      
00007295  UART_read                                                   
0000729f  UART_write                                                  
000072a9  xdc_runtime_Memory_HeapProxy_alloc__E                       
000072b3  xdc_runtime_Memory_HeapProxy_free__E                        
000072bd  ClockP_Params_init                                          
000072c5  MSP_EXP432P401R_initGPIO                                    
000072cd  MSP_EXP432P401R_initGeneral                                 
000072d5  PCM_setPowerMode                                            
000072dd  PCM_setPowerState                                           
000072e5  SemaphoreP_Params_init                                      
000072f9  ti_sysbios_family_arm_m3_Hwi_doSwiRestore__I                
00007301  ti_sysbios_family_arm_m3_Hwi_startup__E                     
00007301  ti_sysbios_hal_Hwi_HwiProxy_startup__E                      
00007311  ti_sysbios_family_arm_m3_Hwi_doTaskRestore__I               
00007319  HwiP_restore                                                
00007319  ti_sysbios_family_arm_m3_Hwi_restoreFxn__E                  
00007319  ti_sysbios_hal_Hwi_HwiProxy_restore__E                      
00007321  ti_sysbios_gates_GateHwi_leave__E                           
00007329  ti_sysbios_heaps_HeapMem_isBlocking__E                      
00007331  ti_sysbios_knl_Clock_stop__E                                
00007339  ti_sysbios_knl_Queue_Instance_init__E                       
00007341  ti_sysbios_knl_Swi_startup__E                               
00007349  ti_sysbios_gates_GateHwi_query__E                           
00007349  xdc_runtime_Main_Module_GateProxy_query__E                  
00007349  xdc_runtime_System_Module_GateProxy_query__E                
00007351  ti_sysbios_BIOS_RtsGateProxy_query__E                       
00007351  ti_sysbios_gates_GateMutex_query__E                         
00007351  ti_sysbios_heaps_HeapMem_Module_GateProxy_query__E          
00007359  ti_sysbios_knl_Clock_setTimeout__E                          
00007361  ti_sysbios_knl_Task_startup__E                              
00007369  ti_sysbios_BIOS_linkedWithIncorrectBootLibrary__E           
00007371  ti_sysbios_gates_GateHwi_Instance_init__E                   
00007379  ti_sysbios_knl_Clock_logTick__E                             
0000737c  xdc_runtime_Text_charTab__A                                 
00008b97  xdc_runtime_Error_policy__C                                 
00008b98  xdc_runtime_Text_nodeTab__A                                 
00008c48  uartMSP432Baudrates                                         
00008d00  uartMSP432HWAttrs                                           
00008d48  ti_sysbios_knl_Task_Object__PARAMS__C                       
00008d84  ti_sysbios_family_arm_m3_Hwi_Object__PARAMS__C              
00008db4  UARTMSP432_fxnTable                                         
00008ddc  ti_sysbios_heaps_HeapMem_Module__FXNS__C                    
00008e04  UART_config                                                 
00008e28  UART_defaultParams                                          
00008e70  ti_sysbios_gates_GateHwi_Module__FXNS__C                    
00008e94  ti_sysbios_gates_GateMutex_Module__FXNS__C                  
00008eb8  ti_sysbios_heaps_HeapMem_Object__PARAMS__C                  
00008edc  ti_sysbios_knl_Clock_Object__PARAMS__C                      
00008f00  ti_sysbios_knl_Semaphore_Object__PARAMS__C                  
00008f24  ti_sysbios_family_arm_m3_Hwi_Object__DESC__C                
00008f44  ti_sysbios_gates_GateHwi_Object__DESC__C                    
00008f64  ti_sysbios_gates_GateMutex_Object__DESC__C                  
00008f84  ti_sysbios_heaps_HeapMem_Object__DESC__C                    
00008fa4  ti_sysbios_knl_Clock_Object__DESC__C                        
00008fc4  ti_sysbios_knl_Queue_Object__DESC__C                        
00008fe4  ti_sysbios_knl_Semaphore_Object__DESC__C                    
00009004  ti_sysbios_knl_Task_Object__DESC__C                         
00009024  xdc_runtime_Startup_sfxnTab__A                              
00009044  ti_sysbios_gates_GateHwi_Object__PARAMS__C                  
0000905c  ti_sysbios_gates_GateMutex_Object__PARAMS__C                
00009074  ti_sysbios_knl_Queue_Object__PARAMS__C                      
0000908c  GPIOMSP432_config                                           
000090a0  PowerMSP432_config                                          
000090b0  xdc_runtime_Startup_sfxnRts__A                              
000090cc  xdc_runtime_Startup_firstFxns__A                            
000090d8  ti_sysbios_family_arm_m3_Hwi_excHookFuncs__A                
000090e0  ti_sysbios_knl_Idle_funcList__A                             
000090e8  ti_sysbios_knl_Idle_funcList__C                             
000090f0  xdc_runtime_Startup_firstFxns__C                            
000090f8  xdc_runtime_Startup_lastFxns__C                             
00009106  ti_sysbios_family_arm_m3_Hwi_Module__id__C                  
00009108  ti_sysbios_family_arm_m3_Hwi_E_NMI__C                       
0000910c  ti_sysbios_family_arm_m3_Hwi_E_alreadyDefined__C            
00009110  ti_sysbios_family_arm_m3_Hwi_E_busFault__C                  
00009114  ti_sysbios_family_arm_m3_Hwi_E_debugMon__C                  
00009118  ti_sysbios_family_arm_m3_Hwi_E_hardFault__C                 
0000911c  ti_sysbios_family_arm_m3_Hwi_E_memFault__C                  
00009120  ti_sysbios_family_arm_m3_Hwi_E_noIsr__C                     
00009124  ti_sysbios_family_arm_m3_Hwi_E_reserved__C                  
00009128  ti_sysbios_family_arm_m3_Hwi_E_svCall__C                    
0000912c  ti_sysbios_family_arm_m3_Hwi_E_usageFault__C                
00009130  ti_sysbios_family_arm_m3_Hwi_NUM_INTERRUPTS__C              
00009134  ti_sysbios_family_arm_m3_Hwi_Object__count__C               
00009138  ti_sysbios_family_arm_m3_Hwi_ccr__C                         
0000913c  ti_sysbios_family_arm_m3_Hwi_excHandlerFunc__C              
00009140  ti_sysbios_family_arm_m3_Hwi_excHookFuncs__C                
00009144  ti_sysbios_family_arm_m3_Hwi_nullIsrFunc__C                 
00009148  ti_sysbios_family_arm_m3_Hwi_priGroup__C                    
0000914c  ti_sysbios_family_arm_m3_TaskSupport_stackAlignment__C      
00009150  ti_sysbios_family_arm_msp432_Timer_numTimerDevices__C       
00009154  ti_sysbios_family_arm_msp432_Timer_startupNeeded__C         
00009158  ti_sysbios_gates_GateMutex_A_badContext__C                  
0000915c  ti_sysbios_gates_GateMutex_Instance_State_sem__O            
00009160  ti_sysbios_gates_GateMutex_Module__diagsEnabled__C          
00009164  ti_sysbios_gates_GateMutex_Module__diagsIncluded__C         
00009168  ti_sysbios_gates_GateMutex_Module__diagsMask__C             
0000916c  ti_sysbios_hal_Hwi_E_stackOverflow__C                       
00009170  ti_sysbios_heaps_HeapMem_A_align__C                         
00009174  ti_sysbios_heaps_HeapMem_A_heapSize__C                      
00009178  ti_sysbios_heaps_HeapMem_A_invalidFree__C                   
0000917c  ti_sysbios_heaps_HeapMem_A_zeroBlock__C                     
00009180  ti_sysbios_heaps_HeapMem_E_memory__C                        
00009184  ti_sysbios_heaps_HeapMem_Module__diagsEnabled__C            
00009188  ti_sysbios_heaps_HeapMem_Module__diagsIncluded__C           
0000918c  ti_sysbios_heaps_HeapMem_Module__diagsMask__C               
00009190  ti_sysbios_heaps_HeapMem_Module__gateObj__C                 
00009194  ti_sysbios_heaps_HeapMem_Object__count__C                   
00009198  ti_sysbios_heaps_HeapMem_reqAlign__C                        
0000919c  ti_sysbios_knl_Clock_A_badThreadType__C                     
000091a0  ti_sysbios_knl_Clock_Module_State_clockQ__O                 
000091a4  ti_sysbios_knl_Clock_Module__diagsEnabled__C                
000091a8  ti_sysbios_knl_Clock_Module__diagsIncluded__C               
000091ac  ti_sysbios_knl_Clock_Module__diagsMask__C                   
000091b0  ti_sysbios_knl_Semaphore_A_badContext__C                    
000091b4  ti_sysbios_knl_Semaphore_A_noEvents__C                      
000091b8  ti_sysbios_knl_Semaphore_A_overflow__C                      
000091bc  ti_sysbios_knl_Semaphore_A_pendTaskDisabled__C              
000091c0  ti_sysbios_knl_Semaphore_Instance_State_pendQ__O            
000091c4  ti_sysbios_knl_Semaphore_Module__diagsEnabled__C            
000091c8  ti_sysbios_knl_Semaphore_Module__diagsIncluded__C           
000091cc  ti_sysbios_knl_Semaphore_Module__diagsMask__C               
000091d0  ti_sysbios_knl_Swi_Object__count__C                         
000091d4  ti_sysbios_knl_Task_A_badPriority__C                        
000091d8  ti_sysbios_knl_Task_A_badTaskState__C                       
000091dc  ti_sysbios_knl_Task_A_badThreadType__C                      
000091e0  ti_sysbios_knl_Task_A_badTimeout__C                         
000091e4  ti_sysbios_knl_Task_A_noPendElem__C                         
000091e8  ti_sysbios_knl_Task_A_sleepTaskDisabled__C                  
000091ec  ti_sysbios_knl_Task_E_spOutOfBounds__C                      
000091f0  ti_sysbios_knl_Task_E_stackOverflow__C                      
000091f4  ti_sysbios_knl_Task_Module_State_inactiveQ__O               
000091f8  ti_sysbios_knl_Task_Module__diagsEnabled__C                 
000091fc  ti_sysbios_knl_Task_Module__diagsIncluded__C                
00009200  ti_sysbios_knl_Task_Module__diagsMask__C                    
00009204  ti_sysbios_knl_Task_Object__count__C                        
00009208  ti_sysbios_knl_Task_allBlockedFunc__C                       
0000920c  ti_sysbios_knl_Task_defaultStackHeap__C                     
00009210  ti_sysbios_knl_Task_defaultStackSize__C                     
00009214  ti_sysbios_knl_Task_numConstructedTasks__C                  
00009218  xdc_runtime_Assert_E_assertFailed__C                        
0000921c  xdc_runtime_Core_A_initializedParams__C                     
00009220  xdc_runtime_Core_Module__diagsEnabled__C                    
00009224  xdc_runtime_Core_Module__diagsIncluded__C                   
00009228  xdc_runtime_Core_Module__diagsMask__C                       
0000922c  xdc_runtime_Error_E_memory__C                               
00009230  xdc_runtime_Error_Module__diagsEnabled__C                   
00009234  xdc_runtime_Error_Module__diagsIncluded__C                  
00009238  xdc_runtime_Error_Module__diagsMask__C                      
0000923c  xdc_runtime_Error_Module__loggerFxn8__C                     
00009240  xdc_runtime_Error_Module__loggerObj__C                      
00009244  xdc_runtime_Error_policyFxn__C                              
00009248  xdc_runtime_Error_raiseHook__C                              
0000924c  xdc_runtime_IGateProvider_Interface__BASE__C                
00009250  xdc_runtime_IHeap_Interface__BASE__C                        
00009254  xdc_runtime_IModule_Interface__BASE__C                      
00009258  xdc_runtime_Log_L_error__C                                  
0000925c  xdc_runtime_Memory_defaultHeapInstance__C                   
00009260  xdc_runtime_Startup_execImpl__C                             
00009264  xdc_runtime_Startup_maxPasses__C                            
00009268  xdc_runtime_Startup_sfxnRts__C                              
0000926c  xdc_runtime_Startup_sfxnTab__C                              
00009270  xdc_runtime_SysMin_bufSize__C                               
00009274  xdc_runtime_SysMin_outputFunc__C                            
00009278  xdc_runtime_System_Module__gateObj__C                       
0000927c  xdc_runtime_System_abortFxn__C                              
00009280  xdc_runtime_System_exitFxn__C                               
00009284  xdc_runtime_System_extendFxn__C                             
00009288  xdc_runtime_System_maxAtexitHandlers__C                     
0000928c  xdc_runtime_Text_charTab__C                                 
00009290  xdc_runtime_Text_nameEmpty__C                               
00009294  xdc_runtime_Text_nameStatic__C                              
00009298  xdc_runtime_Text_nameUnknown__C                             
0000929c  xdc_runtime_Text_nodeTab__C                                 
000092a0  xdc_runtime_Text_visitRopeFxn__C                            
000092a4  ti_sysbios_gates_GateMutex_Module__id__C                    
000092a6  ti_sysbios_hal_Hwi_Module__id__C                            
000092a8  ti_sysbios_heaps_HeapMem_Module__id__C                      
000092aa  ti_sysbios_knl_Clock_Module__id__C                          
000092ac  ti_sysbios_knl_Semaphore_Module__id__C                      
000092ae  ti_sysbios_knl_Task_Module__id__C                           
000092b0  xdc_runtime_Core_Module__id__C                              
000092b2  xdc_runtime_Error_Module__loggerDefined__C                  
000092b4  xdc_runtime_Error_maxDepth__C                               
000092b6  xdc_runtime_Memory_Module__id__C                            
000092b8  xdc_runtime_SysMin_flushAtExit__C                           
000092ba  xdc_runtime_Text_charCnt__C                                 
000092bc  xdc_runtime_Text_isLoaded__C                                
000092be  xdc_runtime_Text_registryModsLastId__C                      
000092c0  xdc_runtime_Text_unnamedModsLastId__C                       
000092c8  __TI_static_base__                                          
0000988c  __TI_Handler_Table_Base                                     
00009894  __TI_CINIT_Base                                             
00009894  __TI_Handler_Table_Limit                                    
000098ac  __TI_CINIT_Limit                                            
20000000  ti_sysbios_family_arm_m3_Hwi_ramVectors                     
20000140  task0Stack                                                  
20000540  ti_sysbios_heaps_HeapMem_Instance_State_0_buf__A            
20000940  ti_sysbios_knl_Task_Instance_State_0_stack__A               
20000b40  ti_sysbios_family_arm_m3_Hwi_dispatchTable                  
20000c80  __CIOBUF_                                                   
20000da0  uartMSP432Objects                                           
20000ea0  xdc_runtime_SysMin_Module_State_0_outbuf__A                 
20000f20  task0Struct                                                 
20000f70  uartMSP432RingBuffer                                        
20000fe0  Detections                                                  
20001004  dataBuffer                                                  
20001028  Temperature                                                 
2000102c  TimeStamp                                                   
20001030  NbDet                                                       
20001234  PowerMSP432_perfLevels                                      
200012d0  ti_sysbios_knl_Swi_Module_State_0_readyQ__A                 
20001350  ti_sysbios_knl_Task_Module_State_0_readyQ__A                
200013d0  ti_sysbios_family_arm_msp432_Timer_Object__table__V         
2000141c  ti_sysbios_knl_Task_Object__table__V                        
20001468  ti_sysbios_knl_Task_Module__state__V                        
200014ac  ti_sysbios_gates_GateMutex_Object__table__V                 
200014e4  ti_sysbios_family_arm_m3_Hwi_Module__state__V               
20001548  ti_sysbios_knl_Swi_Object__table__V                         
20001578  ti_sysbios_knl_Clock_Module__state__V                       
200015a4  PowerMSP432_module                                          
200015cc  ti_sysbios_BIOS_Module__state__V                            
200015f0  ti_sysbios_family_arm_msp432_Timer_Module_State_0_device__A 
20001610  ti_sysbios_knl_Swi_Module__state__V                         
2000162c  ti_sysbios_family_arm_m3_Hwi_Object__table__V               
20001644  ti_sysbios_heaps_HeapMem_Object__table__V                   
2000165c  gpioPinConfigs                                              
2000166c  ti_sysbios_family_arm_msp432_Timer_Module_State_0_handles__A
2000167c  __TI_cleanup_ptr                                            
20001680  __TI_dtors_ptr                                              
20001684  __TI_enable_exit_profile_output                             
20001688  ti_sysbios_family_arm_msp432_ClockFreqs_Module__state__V    
20001694  ti_sysbios_family_arm_msp432_Timer_Module__state__V         
200016a0  xdc_runtime_SysMin_Module__state__V                         
200016ac  _lock                                                       
200016b0  _unlock                                                     
200016b4  gpioCallbackFunctions                                       
200016bc  ti_sysbios_family_arm_m3_Hwi_Module__root__V                
200016c4  ti_sysbios_gates_GateHwi_Module__root__V                    
200016cc  ti_sysbios_gates_GateMutex_Module__root__V                  
200016d4  ti_sysbios_heaps_HeapMem_Module__root__V                    
200016dc  ti_sysbios_knl_Clock_Module__root__V                        
200016e4  ti_sysbios_knl_Queue_Module__root__V                        
200016ec  ti_sysbios_knl_Semaphore_Module__root__V                    
200016f4  ti_sysbios_knl_Task_Module__root__V                         
200016fc  xdc_runtime_Registry_Module__state__V                       
20001704  xdc_runtime_Startup_Module__state__V                        
2000170c  xdc_runtime_System_Module_State_0_atexitHandlers__A         
20001714  xdc_runtime_System_Module__state__V                         
20001720  main_func_sp                                                
20001724  ti_sysbios_family_arm_m3_Hwi_Module_State_0_excContext__A   
20001728  ti_sysbios_family_arm_m3_Hwi_Module_State_0_excStack__A     
2000172c  ti_sysbios_gates_GateHwi_Object__table__V                   
20001730  ti_sysbios_knl_Task_Module_State_0_idleTask__A              
20001734  xdc_runtime_Memory_Module__state__V                         
20001738  ti_sysbios_family_arm_m3_Hwi_Module_State_0_excActive__A    
2000173a  xdc_runtime_Error_Module__state__V                          
2000fd00  __stack                                                     
20010000  __STACK_END                                                 
4000480c  WDTCTL_SYM                                                  
e000e000  ti_sysbios_family_arm_m3_Hwi_nvic                           
ffffffff  __TI_pprof_out_hndl                                         
ffffffff  __TI_prof_data_size                                         
ffffffff  __TI_prof_data_start                                        
ffffffff  __binit__                                                   
ffffffff  __c_args__                                                  
ffffffff  binit                                                       
UNDEFED   SHT$$INIT_ARRAY$$Base                                       
UNDEFED   SHT$$INIT_ARRAY$$Limit                                      

[673 symbols]
